Archive member included to satisfy reference by file (symbol)

../ccs/Debug/driverlib.lib(gpio.obj)
                              ./main.o (GPIOPinConfigure)
../ccs/Debug/driverlib.lib(i2c.obj)
                              ./main.o (I2CMasterDataPut)
../ccs/Debug/driverlib.lib(interrupt.obj)
                              ../ccs/Debug/driverlib.lib(gpio.obj) (IntEnable)
../ccs/Debug/driverlib.lib(sysctl.obj)
                              ./main.o (SysCtlClockSet)
../ccs/Debug/driverlib.lib(cpu.obj)
                              ../ccs/Debug/driverlib.lib(interrupt.obj) (CPUbasepriGet)
/home/tech/ti/ccsv7/tools/compiler/gcc-arm-none-eabi-6-2017-q1-update/bin/../lib/gcc/arm-none-eabi/6.3.1/../../../../arm-none-eabi/lib/thumb/v7e-m/fpv4-sp/hard/libc.a(lib_a-atof.o)
                              ./main.o (atof)
/home/tech/ti/ccsv7/tools/compiler/gcc-arm-none-eabi-6-2017-q1-update/bin/../lib/gcc/arm-none-eabi/6.3.1/../../../../arm-none-eabi/lib/thumb/v7e-m/fpv4-sp/hard/libc.a(lib_a-atol.o)
                              ./main.o (atol)
/home/tech/ti/ccsv7/tools/compiler/gcc-arm-none-eabi-6-2017-q1-update/bin/../lib/gcc/arm-none-eabi/6.3.1/../../../../arm-none-eabi/lib/thumb/v7e-m/fpv4-sp/hard/libc.a(lib_a-exit.o)
                              /home/tech/ti/ccsv7/tools/compiler/gcc-arm-none-eabi-6-2017-q1-update/bin/../lib/gcc/arm-none-eabi/6.3.1/../../../../arm-none-eabi/lib/thumb/v7e-m/fpv4-sp/hard/crt0.o (exit)
/home/tech/ti/ccsv7/tools/compiler/gcc-arm-none-eabi-6-2017-q1-update/bin/../lib/gcc/arm-none-eabi/6.3.1/../../../../arm-none-eabi/lib/thumb/v7e-m/fpv4-sp/hard/libc.a(lib_a-impure.o)
                              /home/tech/ti/ccsv7/tools/compiler/gcc-arm-none-eabi-6-2017-q1-update/bin/../lib/gcc/arm-none-eabi/6.3.1/../../../../arm-none-eabi/lib/thumb/v7e-m/fpv4-sp/hard/libc.a(lib_a-exit.o) (_global_impure_ptr)
/home/tech/ti/ccsv7/tools/compiler/gcc-arm-none-eabi-6-2017-q1-update/bin/../lib/gcc/arm-none-eabi/6.3.1/../../../../arm-none-eabi/lib/thumb/v7e-m/fpv4-sp/hard/libc.a(lib_a-init.o)
                              /home/tech/ti/ccsv7/tools/compiler/gcc-arm-none-eabi-6-2017-q1-update/bin/../lib/gcc/arm-none-eabi/6.3.1/../../../../arm-none-eabi/lib/thumb/v7e-m/fpv4-sp/hard/crt0.o (__libc_init_array)
/home/tech/ti/ccsv7/tools/compiler/gcc-arm-none-eabi-6-2017-q1-update/bin/../lib/gcc/arm-none-eabi/6.3.1/../../../../arm-none-eabi/lib/thumb/v7e-m/fpv4-sp/hard/libc.a(lib_a-memset.o)
                              /home/tech/ti/ccsv7/tools/compiler/gcc-arm-none-eabi-6-2017-q1-update/bin/../lib/gcc/arm-none-eabi/6.3.1/../../../../arm-none-eabi/lib/thumb/v7e-m/fpv4-sp/hard/crt0.o (memset)
/home/tech/ti/ccsv7/tools/compiler/gcc-arm-none-eabi-6-2017-q1-update/bin/../lib/gcc/arm-none-eabi/6.3.1/../../../../arm-none-eabi/lib/thumb/v7e-m/fpv4-sp/hard/libc.a(lib_a-printf.o)
                              ./main.o (printf)
/home/tech/ti/ccsv7/tools/compiler/gcc-arm-none-eabi-6-2017-q1-update/bin/../lib/gcc/arm-none-eabi/6.3.1/../../../../arm-none-eabi/lib/thumb/v7e-m/fpv4-sp/hard/libc.a(lib_a-putchar.o)
                              ./main.o (putchar)
/home/tech/ti/ccsv7/tools/compiler/gcc-arm-none-eabi-6-2017-q1-update/bin/../lib/gcc/arm-none-eabi/6.3.1/../../../../arm-none-eabi/lib/thumb/v7e-m/fpv4-sp/hard/libc.a(lib_a-sprintf.o)
                              ./main.o (sprintf)
/home/tech/ti/ccsv7/tools/compiler/gcc-arm-none-eabi-6-2017-q1-update/bin/../lib/gcc/arm-none-eabi/6.3.1/../../../../arm-none-eabi/lib/thumb/v7e-m/fpv4-sp/hard/libc.a(lib_a-strtod.o)
                              /home/tech/ti/ccsv7/tools/compiler/gcc-arm-none-eabi-6-2017-q1-update/bin/../lib/gcc/arm-none-eabi/6.3.1/../../../../arm-none-eabi/lib/thumb/v7e-m/fpv4-sp/hard/libc.a(lib_a-atof.o) (strtod)
/home/tech/ti/ccsv7/tools/compiler/gcc-arm-none-eabi-6-2017-q1-update/bin/../lib/gcc/arm-none-eabi/6.3.1/../../../../arm-none-eabi/lib/thumb/v7e-m/fpv4-sp/hard/libc.a(lib_a-strtol.o)
                              /home/tech/ti/ccsv7/tools/compiler/gcc-arm-none-eabi-6-2017-q1-update/bin/../lib/gcc/arm-none-eabi/6.3.1/../../../../arm-none-eabi/lib/thumb/v7e-m/fpv4-sp/hard/libc.a(lib_a-atol.o) (_strtol_r)
/home/tech/ti/ccsv7/tools/compiler/gcc-arm-none-eabi-6-2017-q1-update/bin/../lib/gcc/arm-none-eabi/6.3.1/../../../../arm-none-eabi/lib/thumb/v7e-m/fpv4-sp/hard/libc.a(lib_a-svfprintf.o)
                              /home/tech/ti/ccsv7/tools/compiler/gcc-arm-none-eabi-6-2017-q1-update/bin/../lib/gcc/arm-none-eabi/6.3.1/../../../../arm-none-eabi/lib/thumb/v7e-m/fpv4-sp/hard/libc.a(lib_a-sprintf.o) (_svfprintf_r)
/home/tech/ti/ccsv7/tools/compiler/gcc-arm-none-eabi-6-2017-q1-update/bin/../lib/gcc/arm-none-eabi/6.3.1/../../../../arm-none-eabi/lib/thumb/v7e-m/fpv4-sp/hard/libc.a(lib_a-vfprintf.o)
                              /home/tech/ti/ccsv7/tools/compiler/gcc-arm-none-eabi-6-2017-q1-update/bin/../lib/gcc/arm-none-eabi/6.3.1/../../../../arm-none-eabi/lib/thumb/v7e-m/fpv4-sp/hard/libc.a(lib_a-printf.o) (_vfprintf_r)
[...]
Memory Configuration

Name             Origin             Length             Attributes
FLASH            0x0000000000000000 0x0000000000040000 xr
SRAM             0x0000000020000000 0x0000000000008000 xw
*default*        0x0000000000000000 0xffffffffffffffff

Linker script and memory map

LOAD /home/tech/ti/ccsv7/tools/compiler/gcc-arm-none-eabi-6-2017-q1-update/bin/../lib/gcc/arm-none-eabi/6.3.1/thumb/v7e-m/fpv4-sp/hard/crti.o
LOAD /home/tech/ti/ccsv7/tools/compiler/gcc-arm-none-eabi-6-2017-q1-update/bin/../lib/gcc/arm-none-eabi/6.3.1/thumb/v7e-m/fpv4-sp/hard/crtbegin.o
LOAD /home/tech/ti/ccsv7/tools/compiler/gcc-arm-none-eabi-6-2017-q1-update/bin/../lib/gcc/arm-none-eabi/6.3.1/../../../../arm-none-eabi/lib/thumb/v7e-m/fpv4-sp/hard/crt0.o
LOAD ./main.o
LOAD ./tm4c123gh6pm_startup_ccs_gcc.o
                0x0000000000000000                PROVIDE (_intvecs_base_address, 0x0)

.intvecs        0x0000000000000000      0x26c
 *(.intvecs)
 .intvecs       0x0000000000000000      0x26c ./tm4c123gh6pm_startup_ccs_gcc.o
                0x0000000000000000                g_pfnVectors
                0x0000000020000000                PROVIDE (_vtable_base_address, 0x20000000)

.vtable         0x0000000020000000      0x26c
 *(.vtable)
 *fill*         0x0000000020000000        0x0 
 .vtable        0x0000000020000000      0x26c ../ccs/Debug/driverlib.lib(interrupt.obj)
                0x0000000020000000                g_pfnRAMVectors

.text           0x0000000000000280     0xce78
 CREATE_OBJECT_SYMBOLS
 *(.text)
 .text          0x0000000000000280        0x0 /home/tech/ti/ccsv7/tools/compiler/gcc-arm-none-eabi-6-2017-q1-update/bin/../lib/gcc/arm-none-eabi/6.3.1/thumb/v7e-m/fpv4-sp/hard/crti.o
 .text          0x0000000000000280       0x6c /home/tech/ti/ccsv7/tools/compiler/gcc-arm-none-eabi-6-2017-q1-update/bin/../lib/gcc/arm-none-eabi/6.3.1/thumb/v7e-m/fpv4-sp/hard/crtbegin.o
 .text          0x00000000000002ec       0x74 /home/tech/ti/ccsv7/tools/compiler/gcc-arm-none-eabi-6-2017-q1-update/bin/../lib/gcc/arm-none-eabi/6.3.1/../../../../arm-none-eabi/lib/thumb/v7e-m/fpv4-sp/hard/crt0.o
                0x00000000000002ec                _mainCRTStartup
                0x00000000000002ec                _start
 .text          0x0000000000000360        0x0 ./main.o
 .text          0x0000000000000360        0x0 ./tm4c123gh6pm_startup_ccs_gcc.o
 .text          0x0000000000000360        0x0 ../ccs/Debug/driverlib.lib(gpio.obj)
 .text          0x0000000000000360        0x0 ../ccs/Debug/driverlib.lib(i2c.obj)
 .text          0x0000000000000360        0x0 ../ccs/Debug/driverlib.lib(interrupt.obj)
 .text          0x0000000000000360        0x0 ../ccs/Debug/driverlib.lib(sysctl.obj)
 .text          0x0000000000000360        0x0 ../ccs/Debug/driverlib.lib(cpu.obj)
 .text          0x0000000000000360        0x0 /home/tech/ti/ccsv7/tools/compiler/gcc-arm-none-eabi-6-2017-q1-update/bin/../lib/gcc/arm-none-eabi/6.3.1/../../../../arm-none-eabi/lib/thumb/v7e-m/fpv4-sp/hard/libc.a(lib_a-atof.o)
 .text          0x0000000000000360        0x0 /home/tech/ti/ccsv7/tools/compiler/gcc-arm-none-eabi-6-2017-q1-update/bin/../lib/gcc/arm-none-eabi/6.3.1/../../../../arm-none-eabi/lib/thumb/v7e-m/fpv4-sp/hard/libc.a(lib_a-atol.o)
 .text          0x0000000000000360        0x0 /home/tech/ti/ccsv7/tools/compiler/gcc-arm-none-eabi-6-2017-q1-update/bin/../lib/gcc/arm-none-eabi/6.3.1/../../../../arm-none-eabi/lib/thumb/v7e-m/fpv4-sp/hard/libc.a(lib_a-exit.o)
 .text          0x0000000000000360        0x0 /home/tech/ti/ccsv7/tools/compiler/gcc-arm-none-eabi-6-2017-q1-update/bin/../lib/gcc/arm-none-eabi/6.3.1/../../../../arm-none-eabi/lib/thumb/v7e-m/fpv4-sp/hard/libc.a(lib_a-impure.o)
 .text          0x0000000000000360        0x0 /home/tech/ti/ccsv7/tools/compiler/gcc-arm-none-eabi-6-2017-q1-update/bin/../lib/gcc/arm-none-eabi/6.3.1/../../../../arm-none-eabi/lib/thumb/v7e-m/fpv4-sp/hard/libc.a(lib_a-init.o)
 .text          0x0000000000000360        0x0 /home/tech/ti/ccsv7/tools/compiler/gcc-arm-none-eabi-6-2017-q1-update/bin/../lib/gcc/arm-none-eabi/6.3.1/../../../../arm-none-eabi/lib/thumb/v7e-m/fpv4-sp/hard/libc.a(lib_a-memset.o)
 .text          0x0000000000000360        0x0 /home/tech/ti/ccsv7/tools/compiler/gcc-arm-none-eabi-6-2017-q1-update/bin/../lib/gcc/arm-none-eabi/6.3.1/../../../../arm-none-eabi/lib/thumb/v7e-m/fpv4-sp/hard/libc.a(lib_a-printf.o)
 .text          0x0000000000000360        0x0 /home/tech/ti/ccsv7/tools/compiler/gcc-arm-none-eabi-6-2017-q1-update/bin/../lib/gcc/arm-none-eabi/6.3.1/../../../../arm-none-eabi/lib/thumb/v7e-m/fpv4-sp/hard/libc.a(lib_a-putchar.o)
 .text          0x0000000000000360        0x0 /home/tech/ti/ccsv7/tools/compiler/gcc-arm-none-eabi-6-2017-q1-update/bin/../lib/gcc/arm-none-eabi/6.3.1/../../../../arm-none-eabi/lib/thumb/v7e-m/fpv4-sp/hard/libc.a(lib_a-sprintf.o)
 .text          0x0000000000000360        0x0 /home/tech/ti/ccsv7/tools/compiler/gcc-arm-none-eabi-6-2017-q1-update/bin/../lib/gcc/arm-none-eabi/6.3.1/../../../../arm-none-eabi/lib/thumb/v7e-m/fpv4-sp/hard/libc.a(lib_a-strtod.o)
 .text          0x0000000000000360        0x0 /home/tech/ti/ccsv7/tools/compiler/gcc-arm-none-eabi-6-2017-q1-update/bin/../lib/gcc/arm-none-eabi/6.3.1/../../../../arm-none-eabi/lib/thumb/v7e-m/fpv4-sp/hard/libc.a(lib_a-strtol.o)
 .text          0x0000000000000360        0x0 /home/tech/ti/ccsv7/tools/compiler/gcc-arm-none-eabi-6-2017-q1-update/bin/../lib/gcc/arm-none-eabi/6.3.1/../../../../arm-none-eabi/lib/thumb/v7e-m/fpv4-sp/hard/libc.a(lib_a-svfprintf.o)
 .text          0x0000000000000360        0x0 /home/tech/ti/ccsv7/tools/compiler/gcc-arm-none-eabi-6-2017-q1-update/bin/../lib/gcc/arm-none-eabi/6.3.1/../../../../arm-none-eabi/lib/thumb/v7e-m/fpv4-sp/hard/libc.a(lib_a-vfprintf.o)
 .text          0x0000000000000360        0x0 /home/tech/ti/ccsv7/tools/compiler/gcc-arm-none-eabi-6-2017-q1-update/bin/../lib/gcc/arm-none-eabi/6.3.1/../../../../arm-none-eabi/lib/thumb/v7e-m/fpv4-sp/hard/libc.a(lib_a-wsetup.o)
 .text          0x0000000000000360        0x0 /home/tech/ti/ccsv7/tools/compiler/gcc-arm-none-eabi-6-2017-q1-update/bin/../lib/gcc/arm-none-eabi/6.3.1/../../../../arm-none-eabi/lib/thumb/v7e-m/fpv4-sp/hard/libc.a(lib_a-__call_atexit.o)
 .text          0x0000000000000360        0x0 /home/tech/ti/ccsv7/tools/compiler/gcc-arm-none-eabi-6-2017-q1-update/bin/../lib/gcc/arm-none-eabi/6.3.1/../../../../arm-none-eabi/lib/thumb/v7e-m/fpv4-sp/hard/libc.a(lib_a-atexit.o)
 .text          0x0000000000000360        0x0 /home/tech/ti/ccsv7/tools/compiler/gcc-arm-none-eabi-6-2017-q1-update/bin/../lib/gcc/arm-none-eabi/6.3.1/../../../../arm-none-eabi/lib/thumb/v7e-m/fpv4-sp/hard/libc.a(lib_a-dtoa.o)
 .text          0x0000000000000360        0x0 /home/tech/ti/ccsv7/tools/compiler/gcc-arm-none-eabi-6-2017-q1-update/bin/../lib/gcc/arm-none-eabi/6.3.1/../../../../arm-none-eabi/lib/thumb/v7e-m/fpv4-sp/hard/libc.a(lib_a-fflush.o)
 .text          0x0000000000000360        0x0 /home/tech/ti/ccsv7/tools/compiler/gcc-arm-none-eabi-6-2017-q1-update/bin/../lib/gcc/arm-none-eabi/6.3.1/../../../../arm-none-eabi/lib/thumb/v7e-m/fpv4-sp/hard/libc.a(lib_a-findfp.o)
 .text          0x0000000000000360        0x0 /home/tech/ti/ccsv7/tools/compiler/gcc-arm-none-eabi-6-2017-q1-update/bin/../lib/gcc/arm-none-eabi/6.3.1/../../../../arm-none-eabi/lib/thumb/v7e-m/fpv4-sp/hard/libc.a(lib_a-fini.o)
 .text          0x0000000000000360        0x0 /home/tech/ti/ccsv7/tools/compiler/gcc-arm-none-eabi-6-2017-q1-update/bin/../lib/gcc/arm-none-eabi/6.3.1/../../../../arm-none-eabi/lib/thumb/v7e-m/fpv4-sp/hard/libc.a(lib_a-freer.o)
 .text          0x0000000000000360        0x0 /home/tech/ti/ccsv7/tools/compiler/gcc-arm-none-eabi-6-2017-q1-update/bin/../lib/gcc/arm-none-eabi/6.3.1/../../../../arm-none-eabi/lib/thumb/v7e-m/fpv4-sp/hard/libc.a(lib_a-fwalk.o)
 .text          0x0000000000000360        0x0 /home/tech/ti/ccsv7/tools/compiler/gcc-arm-none-eabi-6-2017-q1-update/bin/../lib/gcc/arm-none-eabi/6.3.1/../../../../arm-none-eabi/lib/thumb/v7e-m/fpv4-sp/hard/libc.a(lib_a-gdtoa-gethex.o)
 .text          0x0000000000000360        0x0 /home/tech/ti/ccsv7/tools/compiler/gcc-arm-none-eabi-6-2017-q1-update/bin/../lib/gcc/arm-none-eabi/6.3.1/../../../../arm-none-eabi/lib/thumb/v7e-m/fpv4-sp/hard/libc.a(lib_a-gdtoa-hexnan.o)
 .text          0x0000000000000360        0x0 /home/tech/ti/ccsv7/tools/compiler/gcc-arm-none-eabi-6-2017-q1-update/bin/../lib/gcc/arm-none-eabi/6.3.1/../../../../arm-none-eabi/lib/thumb/v7e-m/fpv4-sp/hard/libc.a(lib_a-locale.o)
 .text          0x0000000000000360        0x0 /home/tech/ti/ccsv7/tools/compiler/gcc-arm-none-eabi-6-2017-q1-update/bin/../lib/gcc/arm-none-eabi/6.3.1/../../../../arm-none-eabi/lib/thumb/v7e-m/fpv4-sp/hard/libc.a(lib_a-localeconv.o)
 .text          0x0000000000000360        0x0 /home/tech/ti/ccsv7/tools/compiler/gcc-arm-none-eabi-6-2017-q1-update/bin/../lib/gcc/arm-none-eabi/6.3.1/../../../../arm-none-eabi/lib/thumb/v7e-m/fpv4-sp/hard/libc.a(lib_a-lock.o)
 .text          0x0000000000000360        0x0 /home/tech/ti/ccsv7/tools/compiler/gcc-arm-none-eabi-6-2017-q1-update/bin/../lib/gcc/arm-none-eabi/6.3.1/../../../../arm-none-eabi/lib/thumb/v7e-m/fpv4-sp/hard/libc.a(lib_a-makebuf.o)
 .text          0x0000000000000360        0x0 /home/tech/ti/ccsv7/tools/compiler/gcc-arm-none-eabi-6-2017-q1-update/bin/../lib/gcc/arm-none-eabi/6.3.1/../../../../arm-none-eabi/lib/thumb/v7e-m/fpv4-sp/hard/libc.a(lib_a-mallocr.o)
 .text          0x0000000000000360        0x0 /home/tech/ti/ccsv7/tools/compiler/gcc-arm-none-eabi-6-2017-q1-update/bin/../lib/gcc/arm-none-eabi/6.3.1/../../../../arm-none-eabi/lib/thumb/v7e-m/fpv4-sp/hard/libc.a(lib_a-mbtowc_r.o)
 .text          0x0000000000000360       0xa0 /home/tech/ti/ccsv7/tools/compiler/gcc-arm-none-eabi-6-2017-q1-update/bin/../lib/gcc/arm-none-eabi/6.3.1/../../../../arm-none-eabi/lib/thumb/v7e-m/fpv4-sp/hard/libc.a(lib_a-memchr.o)
                0x0000000000000360                memchr
 .text          0x0000000000000400      0x134 /home/tech/ti/ccsv7/tools/compiler/gcc-arm-none-eabi-6-2017-q1-update/bin/../lib/gcc/arm-none-eabi/6.3.1/../../../../arm-none-eabi/lib/thumb/v7e-m/fpv4-sp/hard/libc.a(lib_a-memcpy.o)
                0x0000000000000400                memcpy
 .text          0x0000000000000534        0x0 /home/tech/ti/ccsv7/tools/compiler/gcc-arm-none-eabi-6-2017-q1-update/bin/../lib/gcc/arm-none-eabi/6.3.1/../../../../arm-none-eabi/lib/thumb/v7e-m/fpv4-sp/hard/libc.a(lib_a-mlock.o)
 .text          0x0000000000000534        0x0 /home/tech/ti/ccsv7/tools/compiler/gcc-arm-none-eabi-6-2017-q1-update/bin/../lib/gcc/arm-none-eabi/6.3.1/../../../../arm-none-eabi/lib/thumb/v7e-m/fpv4-sp/hard/libc.a(lib_a-mprec.o)
 .text          0x0000000000000534        0x0 /home/tech/ti/ccsv7/tools/compiler/gcc-arm-none-eabi-6-2017-q1-update/bin/../lib/gcc/arm-none-eabi/6.3.1/../../../../arm-none-eabi/lib/thumb/v7e-m/fpv4-sp/hard/libc.a(lib_a-putc.o)
 .text          0x0000000000000534        0x0 /home/tech/ti/ccsv7/tools/compiler/gcc-arm-none-eabi-6-2017-q1-update/bin/../lib/gcc/arm-none-eabi/6.3.1/../../../../arm-none-eabi/lib/thumb/v7e-m/fpv4-sp/hard/libc.a(lib_a-sbrkr.o)
 .text          0x0000000000000534        0x0 /home/tech/ti/ccsv7/tools/compiler/gcc-arm-none-eabi-6-2017-q1-update/bin/../lib/gcc/arm-none-eabi/6.3.1/../../../../arm-none-eabi/lib/thumb/v7e-m/fpv4-sp/hard/libc.a(lib_a-sf_nan.o)
 .text          0x0000000000000534        0x0 /home/tech/ti/ccsv7/tools/compiler/gcc-arm-none-eabi-6-2017-q1-update/bin/../lib/gcc/arm-none-eabi/6.3.1/../../../../arm-none-eabi/lib/thumb/v7e-m/fpv4-sp/hard/libc.a(lib_a-stdio.o)
 *fill*         0x0000000000000534        0xc 
 .text          0x0000000000000540      0x2dc /home/tech/ti/ccsv7/tools/compiler/gcc-arm-none-eabi-6-2017-q1-update/bin/../lib/gcc/arm-none-eabi/6.3.1/../../../../arm-none-eabi/lib/thumb/v7e-m/fpv4-sp/hard/libc.a(lib_a-strcmp.o)
                0x0000000000000548                strcmp
 *fill*         0x000000000000081c       0x24 
 .text          0x0000000000000840       0xdc /home/tech/ti/ccsv7/tools/compiler/gcc-arm-none-eabi-6-2017-q1-update/bin/../lib/gcc/arm-none-eabi/6.3.1/../../../../arm-none-eabi/lib/thumb/v7e-m/fpv4-sp/hard/libc.a(lib_a-strlen.o)
                0x0000000000000840                strlen
 .text          0x000000000000091c        0x0 /home/tech/ti/ccsv7/tools/compiler/gcc-arm-none-eabi-6-2017-q1-update/bin/../lib/gcc/arm-none-eabi/6.3.1/../../../../arm-none-eabi/lib/thumb/v7e-m/fpv4-sp/hard/libc.a(lib_a-strncmp.o)
 .text          0x000000000000091c        0x0 /home/tech/ti/ccsv7/tools/compiler/gcc-arm-none-eabi-6-2017-q1-update/bin/../lib/gcc/arm-none-eabi/6.3.1/../../../../arm-none-eabi/lib/thumb/v7e-m/fpv4-sp/hard/libc.a(lib_a-svfiprintf.o)
 .text          0x000000000000091c        0x0 /home/tech/ti/ccsv7/tools/compiler/gcc-arm-none-eabi-6-2017-q1-update/bin/../lib/gcc/arm-none-eabi/6.3.1/../../../../arm-none-eabi/lib/thumb/v7e-m/fpv4-sp/hard/libc.a(lib_a-vfiprintf.o)
 .text          0x000000000000091c        0x0 /home/tech/ti/ccsv7/tools/compiler/gcc-arm-none-eabi-6-2017-q1-update/bin/../lib/gcc/arm-none-eabi/6.3.1/../../../../arm-none-eabi/lib/thumb/v7e-m/fpv4-sp/hard/libc.a(lib_a-wbuf.o)
 .text          0x000000000000091c        0x0 /home/tech/ti/ccsv7/tools/compiler/gcc-arm-none-eabi-6-2017-q1-update/bin/../lib/gcc/arm-none-eabi/6.3.1/../../../../arm-none-eabi/lib/thumb/v7e-m/fpv4-sp/hard/libc.a(lib_a-wctomb_r.o)
 .text          0x000000000000091c        0x0 /home/tech/ti/ccsv7/tools/compiler/gcc-arm-none-eabi-6-2017-q1-update/bin/../lib/gcc/arm-none-eabi/6.3.1/../../../../arm-none-eabi/lib/thumb/v7e-m/fpv4-sp/hard/libc.a(lib_a-writer.o)
 .text          0x000000000000091c        0x0 /home/tech/ti/ccsv7/tools/compiler/gcc-arm-none-eabi-6-2017-q1-update/bin/../lib/gcc/arm-none-eabi/6.3.1/../../../../arm-none-eabi/lib/thumb/v7e-m/fpv4-sp/hard/libc.a(lib_a-__atexit.o)
 .text          0x000000000000091c        0x0 /home/tech/ti/ccsv7/tools/compiler/gcc-arm-none-eabi-6-2017-q1-update/bin/../lib/gcc/arm-none-eabi/6.3.1/../../../../arm-none-eabi/lib/thumb/v7e-m/fpv4-sp/hard/libc.a(lib_a-callocr.o)
 .text          0x000000000000091c        0x0 /home/tech/ti/ccsv7/tools/compiler/gcc-arm-none-eabi-6-2017-q1-update/bin/../lib/gcc/arm-none-eabi/6.3.1/../../../../arm-none-eabi/lib/thumb/v7e-m/fpv4-sp/hard/libc.a(lib_a-closer.o)
 .text          0x000000000000091c        0x0 /home/tech/ti/ccsv7/tools/compiler/gcc-arm-none-eabi-6-2017-q1-update/bin/../lib/gcc/arm-none-eabi/6.3.1/../../../../arm-none-eabi/lib/thumb/v7e-m/fpv4-sp/hard/libc.a(lib_a-ctype_.o)
 .text          0x000000000000091c        0x0 /home/tech/ti/ccsv7/tools/compiler/gcc-arm-none-eabi-6-2017-q1-update/bin/../lib/gcc/arm-none-eabi/6.3.1/../../../../arm-none-eabi/lib/thumb/v7e-m/fpv4-sp/hard/libc.a(lib_a-fclose.o)
 .text          0x000000000000091c        0x0 /home/tech/ti/ccsv7/tools/compiler/gcc-arm-none-eabi-6-2017-q1-update/bin/../lib/gcc/arm-none-eabi/6.3.1/../../../../arm-none-eabi/lib/thumb/v7e-m/fpv4-sp/hard/libc.a(lib_a-fputwc.o)
 .text          0x000000000000091c        0x0 /home/tech/ti/ccsv7/tools/compiler/gcc-arm-none-eabi-6-2017-q1-update/bin/../lib/gcc/arm-none-eabi/6.3.1/../../../../arm-none-eabi/lib/thumb/v7e-m/fpv4-sp/hard/libc.a(lib_a-fstatr.o)
 .text          0x000000000000091c        0x0 /home/tech/ti/ccsv7/tools/compiler/gcc-arm-none-eabi-6-2017-q1-update/bin/../lib/gcc/arm-none-eabi/6.3.1/../../../../arm-none-eabi/lib/thumb/v7e-m/fpv4-sp/hard/libc.a(lib_a-fvwrite.o)
 .text          0x000000000000091c        0x0 /home/tech/ti/ccsv7/tools/compiler/gcc-arm-none-eabi-6-2017-q1-update/bin/../lib/gcc/arm-none-eabi/6.3.1/../../../../arm-none-eabi/lib/thumb/v7e-m/fpv4-sp/hard/libc.a(lib_a-isattyr.o)
 .text          0x000000000000091c        0x0 /home/tech/ti/ccsv7/tools/compiler/gcc-arm-none-eabi-6-2017-q1-update/bin/../lib/gcc/arm-none-eabi/6.3.1/../../../../arm-none-eabi/lib/thumb/v7e-m/fpv4-sp/hard/libc.a(lib_a-lseekr.o)
 .text          0x000000000000091c        0x0 /home/tech/ti/ccsv7/tools/compiler/gcc-arm-none-eabi-6-2017-q1-update/bin/../lib/gcc/arm-none-eabi/6.3.1/../../../../arm-none-eabi/lib/thumb/v7e-m/fpv4-sp/hard/libc.a(lib_a-memmove.o)
 .text          0x000000000000091c        0x0 /home/tech/ti/ccsv7/tools/compiler/gcc-arm-none-eabi-6-2017-q1-update/bin/../lib/gcc/arm-none-eabi/6.3.1/../../../../arm-none-eabi/lib/thumb/v7e-m/fpv4-sp/hard/libc.a(lib_a-readr.o)
 .text          0x000000000000091c        0x0 /home/tech/ti/ccsv7/tools/compiler/gcc-arm-none-eabi-6-2017-q1-update/bin/../lib/gcc/arm-none-eabi/6.3.1/../../../../arm-none-eabi/lib/thumb/v7e-m/fpv4-sp/hard/libc.a(lib_a-reallocr.o)
 .text          0x000000000000091c        0x0 /home/tech/ti/ccsv7/tools/compiler/gcc-arm-none-eabi-6-2017-q1-update/bin/../lib/gcc/arm-none-eabi/6.3.1/../../../../arm-none-eabi/lib/thumb/v7e-m/fpv4-sp/hard/libc.a(lib_a-reent.o)
 .text          0x000000000000091c        0x0 /home/tech/ti/ccsv7/tools/compiler/gcc-arm-none-eabi-6-2017-q1-update/bin/../lib/gcc/arm-none-eabi/6.3.1/../../../../arm-none-eabi/lib/thumb/v7e-m/fpv4-sp/hard/libc.a(lib_a-wcrtomb.o)
 .text          0x000000000000091c        0x0 /home/tech/ti/ccsv7/tools/compiler/gcc-arm-none-eabi-6-2017-q1-update/bin/../lib/gcc/arm-none-eabi/6.3.1/../../../../arm-none-eabi/lib/thumb/v7e-m/fpv4-sp/hard/librdimon.a(rdimon-syscalls.o)
 .text          0x000000000000091c        0x0 /home/tech/ti/ccsv7/tools/compiler/gcc-arm-none-eabi-6-2017-q1-update/bin/../lib/gcc/arm-none-eabi/6.3.1/../../../../arm-none-eabi/lib/thumb/v7e-m/fpv4-sp/hard/librdimon.a(rdimon-_exit.o)
 .text          0x000000000000091c        0x0 /home/tech/ti/ccsv7/tools/compiler/gcc-arm-none-eabi-6-2017-q1-update/bin/../lib/gcc/arm-none-eabi/6.3.1/../../../../arm-none-eabi/lib/thumb/v7e-m/fpv4-sp/hard/librdimon.a(rdimon-_kill.o)
 .text          0x000000000000091c        0x0 /home/tech/ti/ccsv7/tools/compiler/gcc-arm-none-eabi-6-2017-q1-update/bin/../lib/gcc/arm-none-eabi/6.3.1/../../../../arm-none-eabi/lib/thumb/v7e-m/fpv4-sp/hard/libc.a(lib_a-errno.o)
 .text          0x000000000000091c      0x370 /home/tech/ti/ccsv7/tools/compiler/gcc-arm-none-eabi-6-2017-q1-update/bin/../lib/gcc/arm-none-eabi/6.3.1/thumb/v7e-m/fpv4-sp/hard/libgcc.a(_arm_addsubdf3.o)
                0x000000000000091c                __aeabi_drsub
                0x0000000000000924                __aeabi_dsub
                0x0000000000000924                __subdf3
                0x0000000000000928                __adddf3
                0x0000000000000928                __aeabi_dadd
                0x0000000000000ba0                __aeabi_ui2d
                0x0000000000000ba0                __floatunsidf
                0x0000000000000bc0                __floatsidf
                0x0000000000000bc0                __aeabi_i2d
                0x0000000000000be4                __extendsfdf2
                0x0000000000000be4                __aeabi_f2d
                0x0000000000000c20                __aeabi_ul2d
                0x0000000000000c20                __floatundidf
                0x0000000000000c30                __floatdidf
                0x0000000000000c30                __aeabi_l2d
 .text          0x0000000000000c8c      0x424 /home/tech/ti/ccsv7/tools/compiler/gcc-arm-none-eabi-6-2017-q1-update/bin/../lib/gcc/arm-none-eabi/6.3.1/thumb/v7e-m/fpv4-sp/hard/libgcc.a(_arm_muldivdf3.o)
                0x0000000000000c8c                __aeabi_dmul
                0x0000000000000c8c                __muldf3
                0x0000000000000ee0                __aeabi_ddiv
                0x0000000000000ee0                __divdf3
 .text          0x00000000000010b0      0x110 /home/tech/ti/ccsv7/tools/compiler/gcc-arm-none-eabi-6-2017-q1-update/bin/../lib/gcc/arm-none-eabi/6.3.1/thumb/v7e-m/fpv4-sp/hard/libgcc.a(_arm_cmpdf2.o)
                0x00000000000010b0                __gtdf2
                0x00000000000010b0                __gedf2
                0x00000000000010b8                __ltdf2
                0x00000000000010b8                __ledf2
                0x00000000000010c0                __cmpdf2
                0x00000000000010c0                __eqdf2
                0x00000000000010c0                __nedf2
                0x000000000000113c                __aeabi_cdrcmple
                0x000000000000114c                __aeabi_cdcmple
                0x000000000000114c                __aeabi_cdcmpeq
                0x000000000000115c                __aeabi_dcmpeq
                0x0000000000001170                __aeabi_dcmplt
                0x0000000000001184                __aeabi_dcmple
                0x0000000000001198                __aeabi_dcmpge
                0x00000000000011ac                __aeabi_dcmpgt
 .text          0x00000000000011c0       0x2c /home/tech/ti/ccsv7/tools/compiler/gcc-arm-none-eabi-6-2017-q1-update/bin/../lib/gcc/arm-none-eabi/6.3.1/thumb/v7e-m/fpv4-sp/hard/libgcc.a(_arm_unorddf2.o)
                0x00000000000011c0                __aeabi_dcmpun
                0x00000000000011c0                __unorddf2
 .text          0x00000000000011ec       0x50 /home/tech/ti/ccsv7/tools/compiler/gcc-arm-none-eabi-6-2017-q1-update/bin/../lib/gcc/arm-none-eabi/6.3.1/thumb/v7e-m/fpv4-sp/hard/libgcc.a(_arm_fixdfsi.o)
                0x00000000000011ec                __fixdfsi
                0x00000000000011ec                __aeabi_d2iz
 .text          0x000000000000123c       0x40 /home/tech/ti/ccsv7/tools/compiler/gcc-arm-none-eabi-6-2017-q1-update/bin/../lib/gcc/arm-none-eabi/6.3.1/thumb/v7e-m/fpv4-sp/hard/libgcc.a(_arm_fixunsdfsi.o)
                0x000000000000123c                __fixunsdfsi
                0x000000000000123c                __aeabi_d2uiz
 .text          0x000000000000127c       0xa0 /home/tech/ti/ccsv7/tools/compiler/gcc-arm-none-eabi-6-2017-q1-update/bin/../lib/gcc/arm-none-eabi/6.3.1/thumb/v7e-m/fpv4-sp/hard/libgcc.a(_arm_truncdfsf2.o)
                0x000000000000127c                __aeabi_d2f
                0x000000000000127c                __truncdfsf2
 .text          0x000000000000131c       0x30 /home/tech/ti/ccsv7/tools/compiler/gcc-arm-none-eabi-6-2017-q1-update/bin/../lib/gcc/arm-none-eabi/6.3.1/thumb/v7e-m/fpv4-sp/hard/libgcc.a(_aeabi_uldivmod.o)
                0x000000000000131c                __aeabi_uldivmod
 .text          0x000000000000134c      0x2dc /home/tech/ti/ccsv7/tools/compiler/gcc-arm-none-eabi-6-2017-q1-update/bin/../lib/gcc/arm-none-eabi/6.3.1/thumb/v7e-m/fpv4-sp/hard/libgcc.a(_udivmoddi4.o)
                0x000000000000134c                __udivmoddi4
 .text          0x0000000000001628        0x4 /home/tech/ti/ccsv7/tools/compiler/gcc-arm-none-eabi-6-2017-q1-update/bin/../lib/gcc/arm-none-eabi/6.3.1/thumb/v7e-m/fpv4-sp/hard/libgcc.a(_dvmd_tls.o)
                0x0000000000001628                __aeabi_ldiv0
                0x0000000000001628                __aeabi_idiv0
 .text          0x000000000000162c        0x0 /home/tech/ti/ccsv7/tools/compiler/gcc-arm-none-eabi-6-2017-q1-update/bin/../lib/gcc/arm-none-eabi/6.3.1/thumb/v7e-m/fpv4-sp/hard/crtend.o
 .text          0x000000000000162c        0x0 /home/tech/ti/ccsv7/tools/compiler/gcc-arm-none-eabi-6-2017-q1-update/bin/../lib/gcc/arm-none-eabi/6.3.1/thumb/v7e-m/fpv4-sp/hard/crtn.o
 *(.text.*)
 .text.LCD_String_xy
                0x000000000000162c       0x40 ./main.o
                0x000000000000162c                LCD_String_xy
 .text.LCD_String
                0x000000000000166c       0x3c ./main.o
                0x000000000000166c                LCD_String
 .text.DisableInterrupts
                0x00000000000016a8       0x10 ./main.o
                0x00000000000016a8                DisableInterrupts
 .text.EnableInterrupts
                0x00000000000016b8       0x10 ./main.o
                0x00000000000016b8                EnableInterrupts
 .text.WaitForInterrupt
                0x00000000000016c8       0x10 ./main.o
                0x00000000000016c8                WaitForInterrupt
 .text.UART_InChar
                0x00000000000016d8       0x2c ./main.o
                0x00000000000016d8                UART_InChar
 .text.UART_Init
                0x0000000000001704       0xbc ./main.o
                0x0000000000001704                UART_Init
 .text.UART_HANDLER
                0x00000000000017c0       0xe0 ./main.o
                0x00000000000017c0                UART_HANDLER
 .text.get_gpstime
                0x00000000000018a0       0x54 ./main.o
                0x00000000000018a0                get_gpstime
 .text.get_latitude
                0x00000000000018f4       0x90 ./main.o
                0x00000000000018f4                get_latitude
 .text.get_longitude
                0x0000000000001984       0x90 ./main.o
                0x0000000000001984                get_longitude
 .text.get_altitude
                0x0000000000001a14       0x7c ./main.o
                0x0000000000001a14                get_altitude
 .text.convert_time_to_UTC
                0x0000000000001a90       0x80 ./main.o
                0x0000000000001a90                convert_time_to_UTC
 .text.convert_to_degrees
                0x0000000000001b10       0xc4 ./main.o
                0x0000000000001b10                convert_to_degrees
 *fill*         0x0000000000001bd4        0x4 
 .text.sqroot   0x0000000000001bd8       0xf8 ./main.o
                0x0000000000001bd8                sqroot
 .text.compute_position
                0x0000000000001cd0      0x254 ./main.o
                0x0000000000001cd0                compute_position
 *fill*         0x0000000000001f24        0x4 
 .text.sin      0x0000000000001f28      0x19c ./main.o
                0x0000000000001f28                sin
 *fill*         0x00000000000020c4        0x4 
 .text.cos      0x00000000000020c8      0x178 ./main.o
                0x00000000000020c8                cos
 .text.conv_gps_lat_long
                0x0000000000002240      0x148 ./main.o
                0x0000000000002240                conv_gps_lat_long
 .text.main     0x0000000000002388      0x320 ./main.o
                0x0000000000002388                main
 .text.InitI2C  0x00000000000026a8      0x174 ./main.o
                0x00000000000026a8                InitI2C
 .text.IsMPUAvailable
                0x000000000000281c       0x80 ./main.o
                0x000000000000281c                IsMPUAvailable
 .text.delayMs  0x000000000000289c       0x3e ./main.o
                0x000000000000289c                delayMs
 *fill*         0x00000000000028da        0x2 
 .text.MPU_init
                0x00000000000028dc      0x144 ./main.o
                0x00000000000028dc                MPU_init
 .text.MPU_Start_Loc
                0x0000000000002a20       0x34 ./main.o
                0x0000000000002a20                MPU_Start_Loc
 *fill*         0x0000000000002a54        0x4 
 .text.MPU_Receive
                0x0000000000002a58      0x6a8 ./main.o
                0x0000000000002a58                MPU_Receive
 .text.ResetISR
                0x0000000000003100       0x6c ./tm4c123gh6pm_startup_ccs_gcc.o
                0x0000000000003100                ResetISR
 .text.NmiSR    0x000000000000316c        0x6 ./tm4c123gh6pm_startup_ccs_gcc.o
 .text.FaultISR
                0x0000000000003172        0x6 ./tm4c123gh6pm_startup_ccs_gcc.o
 .text.IntDefaultHandler
                0x0000000000003178        0x6 ./tm4c123gh6pm_startup_ccs_gcc.o
 *fill*         0x000000000000317e        0x2 
 .text.atof     0x0000000000003180        0x8 /home/tech/ti/ccsv7/tools/compiler/gcc-arm-none-eabi-6-2017-q1-update/bin/../lib/gcc/arm-none-eabi/6.3.1/../../../../arm-none-eabi/lib/thumb/v7e-m/fpv4-sp/hard/libc.a(lib_a-atof.o)
                0x0000000000003180                atof
 .text.atol     0x0000000000003188        0x8 /home/tech/ti/ccsv7/tools/compiler/gcc-arm-none-eabi-6-2017-q1-update/bin/../lib/gcc/arm-none-eabi/6.3.1/../../../../arm-none-eabi/lib/thumb/v7e-m/fpv4-sp/hard/libc.a(lib_a-atol.o)
                0x0000000000003188                atol
 .text._atol_r  0x0000000000003190        0x8 /home/tech/ti/ccsv7/tools/compiler/gcc-arm-none-eabi-6-2017-q1-update/bin/../lib/gcc/arm-none-eabi/6.3.1/../../../../arm-none-eabi/lib/thumb/v7e-m/fpv4-sp/hard/libc.a(lib_a-atol.o)
                0x0000000000003190                _atol_r
 .text.exit     0x0000000000003198       0x20 /home/tech/ti/ccsv7/tools/compiler/gcc-arm-none-eabi-6-2017-q1-update/bin/../lib/gcc/arm-none-eabi/6.3.1/../../../../arm-none-eabi/lib/thumb/v7e-m/fpv4-sp/hard/libc.a(lib_a-exit.o)
                0x0000000000003198                exit
 .text.__libc_init_array
                0x00000000000031b8       0x50 /home/tech/ti/ccsv7/tools/compiler/gcc-arm-none-eabi-6-2017-q1-update/bin/../lib/gcc/arm-none-eabi/6.3.1/../../../../arm-none-eabi/lib/thumb/v7e-m/fpv4-sp/hard/libc.a(lib_a-init.o)
                0x00000000000031b8                __libc_init_array
 .text.memset   0x0000000000003208       0x9c /home/tech/ti/ccsv7/tools/compiler/gcc-arm-none-eabi-6-2017-q1-update/bin/../lib/gcc/arm-none-eabi/6.3.1/../../../../arm-none-eabi/lib/thumb/v7e-m/fpv4-sp/hard/libc.a(lib_a-memset.o)
                0x0000000000003208                memset
 .text._printf_r
                0x00000000000032a4       0x20 /home/tech/ti/ccsv7/tools/compiler/gcc-arm-none-eabi-6-2017-q1-update/bin/../lib/gcc/arm-none-eabi/6.3.1/../../../../arm-none-eabi/lib/thumb/v7e-m/fpv4-sp/hard/libc.a(lib_a-printf.o)
                0x00000000000032a4                _printf_r
 .text.printf   0x00000000000032c4       0x28 /home/tech/ti/ccsv7/tools/compiler/gcc-arm-none-eabi-6-2017-q1-update/bin/../lib/gcc/arm-none-eabi/6.3.1/../../../../arm-none-eabi/lib/thumb/v7e-m/fpv4-sp/hard/libc.a(lib_a-printf.o)
                0x00000000000032c4                printf
 .text._putchar_r
                0x00000000000032ec        0x8 /home/tech/ti/ccsv7/tools/compiler/gcc-arm-none-eabi-6-2017-q1-update/bin/../lib/gcc/arm-none-eabi/6.3.1/../../../../arm-none-eabi/lib/thumb/v7e-m/fpv4-sp/hard/libc.a(lib_a-putchar.o)
                0x00000000000032ec                _putchar_r
 .text.putchar  0x00000000000032f4       0x14 /home/tech/ti/ccsv7/tools/compiler/gcc-arm-none-eabi-6-2017-q1-update/bin/../lib/gcc/arm-none-eabi/6.3.1/../../../../arm-none-eabi/lib/thumb/v7e-m/fpv4-sp/hard/libc.a(lib_a-putchar.o)
                0x00000000000032f4                putchar
 .text._sprintf_r
                0x0000000000003308       0x44 /home/tech/ti/ccsv7/tools/compiler/gcc-arm-none-eabi-6-2017-q1-update/bin/../lib/gcc/arm-none-eabi/6.3.1/../../../../arm-none-eabi/lib/thumb/v7e-m/fpv4-sp/hard/libc.a(lib_a-sprintf.o)
                0x0000000000003308                _sprintf_r
 .text.sprintf  0x000000000000334c       0x4c /home/tech/ti/ccsv7/tools/compiler/gcc-arm-none-eabi-6-2017-q1-update/bin/../lib/gcc/arm-none-eabi/6.3.1/../../../../arm-none-eabi/lib/thumb/v7e-m/fpv4-sp/hard/libc.a(lib_a-sprintf.o)
                0x000000000000334c                sprintf
 .text.unlikely.sulp
                0x0000000000003398       0x38 /home/tech/ti/ccsv7/tools/compiler/gcc-arm-none-eabi-6-2017-q1-update/bin/../lib/gcc/arm-none-eabi/6.3.1/../../../../arm-none-eabi/lib/thumb/v7e-m/fpv4-sp/hard/libc.a(lib_a-strtod.o)
 .text._strtod_l
                0x00000000000033d0      0xf28 /home/tech/ti/ccsv7/tools/compiler/gcc-arm-none-eabi-6-2017-q1-update/bin/../lib/gcc/arm-none-eabi/6.3.1/../../../../arm-none-eabi/lib/thumb/v7e-m/fpv4-sp/hard/libc.a(lib_a-strtod.o)
                0x00000000000033d0                _strtod_l
 .text._strtod_r
                0x00000000000042f8       0x20 /home/tech/ti/ccsv7/tools/compiler/gcc-arm-none-eabi-6-2017-q1-update/bin/../lib/gcc/arm-none-eabi/6.3.1/../../../../arm-none-eabi/lib/thumb/v7e-m/fpv4-sp/hard/libc.a(lib_a-strtod.o)
                0x00000000000042f8                _strtod_r
 .text.strtod_l
                0x0000000000004318       0x18 /home/tech/ti/ccsv7/tools/compiler/gcc-arm-none-eabi-6-2017-q1-update/bin/../lib/gcc/arm-none-eabi/6.3.1/../../../../arm-none-eabi/lib/thumb/v7e-m/fpv4-sp/hard/libc.a(lib_a-strtod.o)
                0x0000000000004318                strtod_l
 .text.strtod   0x0000000000004330       0x24 /home/tech/ti/ccsv7/tools/compiler/gcc-arm-none-eabi-6-2017-q1-update/bin/../lib/gcc/arm-none-eabi/6.3.1/../../../../arm-none-eabi/lib/thumb/v7e-m/fpv4-sp/hard/libc.a(lib_a-strtod.o)
                0x0000000000004330                strtod
 .text.strtof_l
                0x0000000000004354       0xa0 /home/tech/ti/ccsv7/tools/compiler/gcc-arm-none-eabi-6-2017-q1-update/bin/../lib/gcc/arm-none-eabi/6.3.1/../../../../arm-none-eabi/lib/thumb/v7e-m/fpv4-sp/hard/libc.a(lib_a-strtod.o)
                0x0000000000004354                strtof_l
 .text.strtof   0x00000000000043f4       0xb0 /home/tech/ti/ccsv7/tools/compiler/gcc-arm-none-eabi-6-2017-q1-update/bin/../lib/gcc/arm-none-eabi/6.3.1/../../../../arm-none-eabi/lib/thumb/v7e-m/fpv4-sp/hard/libc.a(lib_a-strtod.o)
                0x00000000000043f4                strtof
 .text._strtol_l.isra.0
                0x00000000000044a4      0x128 /home/tech/ti/ccsv7/tools/compiler/gcc-arm-none-eabi-6-2017-q1-update/bin/../lib/gcc/arm-none-eabi/6.3.1/../../../../arm-none-eabi/lib/thumb/v7e-m/fpv4-sp/hard/libc.a(lib_a-strtol.o)
 .text._strtol_r
                0x00000000000045cc       0x24 /home/tech/ti/ccsv7/tools/compiler/gcc-arm-none-eabi-6-2017-q1-update/bin/../lib/gcc/arm-none-eabi/6.3.1/../../../../arm-none-eabi/lib/thumb/v7e-m/fpv4-sp/hard/libc.a(lib_a-strtol.o)
                0x00000000000045cc                _strtol_r
 .text.strtol_l
                0x00000000000045f0       0x20 /home/tech/ti/ccsv7/tools/compiler/gcc-arm-none-eabi-6-2017-q1-update/bin/../lib/gcc/arm-none-eabi/6.3.1/../../../../arm-none-eabi/lib/thumb/v7e-m/fpv4-sp/hard/libc.a(lib_a-strtol.o)
                0x00000000000045f0                strtol_l
 .text.strtol   0x0000000000004610       0x2c /home/tech/ti/ccsv7/tools/compiler/gcc-arm-none-eabi-6-2017-q1-update/bin/../lib/gcc/arm-none-eabi/6.3.1/../../../../arm-none-eabi/lib/thumb/v7e-m/fpv4-sp/hard/libc.a(lib_a-strtol.o)
                0x0000000000004610                strtol
 *fill*         0x000000000000463c        0x4 
 .text._svfprintf_r
                0x0000000000004640     0x1488 /home/tech/ti/ccsv7/tools/compiler/gcc-arm-none-eabi-6-2017-q1-update/bin/../lib/gcc/arm-none-eabi/6.3.1/../../../../arm-none-eabi/lib/thumb/v7e-m/fpv4-sp/hard/libc.a(lib_a-svfprintf.o)
                0x0000000000004640                _svfprintf_r
 .text._vfprintf_r
                0x0000000000005ac8     0x157c /home/tech/ti/ccsv7/tools/compiler/gcc-arm-none-eabi-6-2017-q1-update/bin/../lib/gcc/arm-none-eabi/6.3.1/../../../../arm-none-eabi/lib/thumb/v7e-m/fpv4-sp/hard/libc.a(lib_a-vfprintf.o)
                0x0000000000005ac8                _vfprintf_r
 .text.vfprintf
                0x0000000000007044       0x18 /home/tech/ti/ccsv7/tools/compiler/gcc-arm-none-eabi-6-2017-q1-update/bin/../lib/gcc/arm-none-eabi/6.3.1/../../../../arm-none-eabi/lib/thumb/v7e-m/fpv4-sp/hard/libc.a(lib_a-vfprintf.o)
                0x0000000000007044                vfprintf
 .text.__sbprintf
                0x000000000000705c       0x84 /home/tech/ti/ccsv7/tools/compiler/gcc-arm-none-eabi-6-2017-q1-update/bin/../lib/gcc/arm-none-eabi/6.3.1/../../../../arm-none-eabi/lib/thumb/v7e-m/fpv4-sp/hard/libc.a(lib_a-vfprintf.o)
 .text.__swsetup_r
                0x00000000000070e0       0xc8 /home/tech/ti/ccsv7/tools/compiler/gcc-arm-none-eabi-6-2017-q1-update/bin/../lib/gcc/arm-none-eabi/6.3.1/../../../../arm-none-eabi/lib/thumb/v7e-m/fpv4-sp/hard/libc.a(lib_a-wsetup.o)
                0x00000000000070e0                __swsetup_r
 .text.startup.register_fini
                0x00000000000071a8       0x14 /home/tech/ti/ccsv7/tools/compiler/gcc-arm-none-eabi-6-2017-q1-update/bin/../lib/gcc/arm-none-eabi/6.3.1/../../../../arm-none-eabi/lib/thumb/v7e-m/fpv4-sp/hard/libc.a(lib_a-__call_atexit.o)
 .text.__call_exitprocs
                0x00000000000071bc       0xe8 /home/tech/ti/ccsv7/tools/compiler/gcc-arm-none-eabi-6-2017-q1-update/bin/../lib/gcc/arm-none-eabi/6.3.1/../../../../arm-none-eabi/lib/thumb/v7e-m/fpv4-sp/hard/libc.a(lib_a-__call_atexit.o)
                0x00000000000071bc                __call_exitprocs
 .text.atexit   0x00000000000072a4        0xc /home/tech/ti/ccsv7/tools/compiler/gcc-arm-none-eabi-6-2017-q1-update/bin/../lib/gcc/arm-none-eabi/6.3.1/../../../../arm-none-eabi/lib/thumb/v7e-m/fpv4-sp/hard/libc.a(lib_a-atexit.o)
                0x00000000000072a4                atexit
 .text.quorem   0x00000000000072b0      0x128 /home/tech/ti/ccsv7/tools/compiler/gcc-arm-none-eabi-6-2017-q1-update/bin/../lib/gcc/arm-none-eabi/6.3.1/../../../../arm-none-eabi/lib/thumb/v7e-m/fpv4-sp/hard/libc.a(lib_a-dtoa.o)
 .text._dtoa_r  0x00000000000073d8      0xe4c /home/tech/ti/ccsv7/tools/compiler/gcc-arm-none-eabi-6-2017-q1-update/bin/../lib/gcc/arm-none-eabi/6.3.1/../../../../arm-none-eabi/lib/thumb/v7e-m/fpv4-sp/hard/libc.a(lib_a-dtoa.o)
                0x00000000000073d8                _dtoa_r
 .text.__sflush_r
                0x0000000000008224      0x140 /home/tech/ti/ccsv7/tools/compiler/gcc-arm-none-eabi-6-2017-q1-update/bin/../lib/gcc/arm-none-eabi/6.3.1/../../../../arm-none-eabi/lib/thumb/v7e-m/fpv4-sp/hard/libc.a(lib_a-fflush.o)
                0x0000000000008224                __sflush_r
 .text._fflush_r
                0x0000000000008364       0x54 /home/tech/ti/ccsv7/tools/compiler/gcc-arm-none-eabi-6-2017-q1-update/bin/../lib/gcc/arm-none-eabi/6.3.1/../../../../arm-none-eabi/lib/thumb/v7e-m/fpv4-sp/hard/libc.a(lib_a-fflush.o)
                0x0000000000008364                _fflush_r
 .text.fflush   0x00000000000083b8       0x24 /home/tech/ti/ccsv7/tools/compiler/gcc-arm-none-eabi-6-2017-q1-update/bin/../lib/gcc/arm-none-eabi/6.3.1/../../../../arm-none-eabi/lib/thumb/v7e-m/fpv4-sp/hard/libc.a(lib_a-fflush.o)
                0x00000000000083b8                fflush
 .text._cleanup_r
                0x00000000000083dc        0xc /home/tech/ti/ccsv7/tools/compiler/gcc-arm-none-eabi-6-2017-q1-update/bin/../lib/gcc/arm-none-eabi/6.3.1/../../../../arm-none-eabi/lib/thumb/v7e-m/fpv4-sp/hard/libc.a(lib_a-findfp.o)
                0x00000000000083dc                _cleanup_r
 .text.std.isra.0
                0x00000000000083e8       0x50 /home/tech/ti/ccsv7/tools/compiler/gcc-arm-none-eabi-6-2017-q1-update/bin/../lib/gcc/arm-none-eabi/6.3.1/../../../../arm-none-eabi/lib/thumb/v7e-m/fpv4-sp/hard/libc.a(lib_a-findfp.o)
 .text.__fp_lock
                0x0000000000008438       0x1c /home/tech/ti/ccsv7/tools/compiler/gcc-arm-none-eabi-6-2017-q1-update/bin/../lib/gcc/arm-none-eabi/6.3.1/../../../../arm-none-eabi/lib/thumb/v7e-m/fpv4-sp/hard/libc.a(lib_a-findfp.o)
 .text.__fp_unlock
                0x0000000000008454       0x1c /home/tech/ti/ccsv7/tools/compiler/gcc-arm-none-eabi-6-2017-q1-update/bin/../lib/gcc/arm-none-eabi/6.3.1/../../../../arm-none-eabi/lib/thumb/v7e-m/fpv4-sp/hard/libc.a(lib_a-findfp.o)
 .text.__sfmoreglue
                0x0000000000008470       0x30 /home/tech/ti/ccsv7/tools/compiler/gcc-arm-none-eabi-6-2017-q1-update/bin/../lib/gcc/arm-none-eabi/6.3.1/../../../../arm-none-eabi/lib/thumb/v7e-m/fpv4-sp/hard/libc.a(lib_a-findfp.o)
                0x0000000000008470                __sfmoreglue
 .text._cleanup
                0x00000000000084a0       0x14 /home/tech/ti/ccsv7/tools/compiler/gcc-arm-none-eabi-6-2017-q1-update/bin/../lib/gcc/arm-none-eabi/6.3.1/../../../../arm-none-eabi/lib/thumb/v7e-m/fpv4-sp/hard/libc.a(lib_a-findfp.o)
                0x00000000000084a0                _cleanup
 .text.__sinit  0x00000000000084b4       0x58 /home/tech/ti/ccsv7/tools/compiler/gcc-arm-none-eabi-6-2017-q1-update/bin/../lib/gcc/arm-none-eabi/6.3.1/../../../../arm-none-eabi/lib/thumb/v7e-m/fpv4-sp/hard/libc.a(lib_a-findfp.o)
                0x00000000000084b4                __sinit
 .text.__sfp    0x000000000000850c       0xa8 /home/tech/ti/ccsv7/tools/compiler/gcc-arm-none-eabi-6-2017-q1-update/bin/../lib/gcc/arm-none-eabi/6.3.1/../../../../arm-none-eabi/lib/thumb/v7e-m/fpv4-sp/hard/libc.a(lib_a-findfp.o)
                0x000000000000850c                __sfp
 .text.__sfp_lock_acquire
                0x00000000000085b4        0xc /home/tech/ti/ccsv7/tools/compiler/gcc-arm-none-eabi-6-2017-q1-update/bin/../lib/gcc/arm-none-eabi/6.3.1/../../../../arm-none-eabi/lib/thumb/v7e-m/fpv4-sp/hard/libc.a(lib_a-findfp.o)
                0x00000000000085b4                __sfp_lock_acquire
 .text.__sfp_lock_release
                0x00000000000085c0        0xc /home/tech/ti/ccsv7/tools/compiler/gcc-arm-none-eabi-6-2017-q1-update/bin/../lib/gcc/arm-none-eabi/6.3.1/../../../../arm-none-eabi/lib/thumb/v7e-m/fpv4-sp/hard/libc.a(lib_a-findfp.o)
                0x00000000000085c0                __sfp_lock_release
 .text.__sinit_lock_acquire
                0x00000000000085cc        0xc /home/tech/ti/ccsv7/tools/compiler/gcc-arm-none-eabi-6-2017-q1-update/bin/../lib/gcc/arm-none-eabi/6.3.1/../../../../arm-none-eabi/lib/thumb/v7e-m/fpv4-sp/hard/libc.a(lib_a-findfp.o)
                0x00000000000085cc                __sinit_lock_acquire
 .text.__sinit_lock_release
                0x00000000000085d8        0xc /home/tech/ti/ccsv7/tools/compiler/gcc-arm-none-eabi-6-2017-q1-update/bin/../lib/gcc/arm-none-eabi/6.3.1/../../../../arm-none-eabi/lib/thumb/v7e-m/fpv4-sp/hard/libc.a(lib_a-findfp.o)
                0x00000000000085d8                __sinit_lock_release
 .text.__fp_lock_all
                0x00000000000085e4       0x24 /home/tech/ti/ccsv7/tools/compiler/gcc-arm-none-eabi-6-2017-q1-update/bin/../lib/gcc/arm-none-eabi/6.3.1/../../../../arm-none-eabi/lib/thumb/v7e-m/fpv4-sp/hard/libc.a(lib_a-findfp.o)
                0x00000000000085e4                __fp_lock_all
 .text.__fp_unlock_all
                0x0000000000008608       0x24 /home/tech/ti/ccsv7/tools/compiler/gcc-arm-none-eabi-6-2017-q1-update/bin/../lib/gcc/arm-none-eabi/6.3.1/../../../../arm-none-eabi/lib/thumb/v7e-m/fpv4-sp/hard/libc.a(lib_a-findfp.o)
                0x0000000000008608                __fp_unlock_all
 .text.__libc_fini_array
                0x000000000000862c       0x34 /home/tech/ti/ccsv7/tools/compiler/gcc-arm-none-eabi-6-2017-q1-update/bin/../lib/gcc/arm-none-eabi/6.3.1/../../../../arm-none-eabi/lib/thumb/v7e-m/fpv4-sp/hard/libc.a(lib_a-fini.o)
                0x000000000000862c                __libc_fini_array
 .text._malloc_trim_r
                0x0000000000008660       0xa0 /home/tech/ti/ccsv7/tools/compiler/gcc-arm-none-eabi-6-2017-q1-update/bin/../lib/gcc/arm-none-eabi/6.3.1/../../../../arm-none-eabi/lib/thumb/v7e-m/fpv4-sp/hard/libc.a(lib_a-freer.o)
                0x0000000000008660                _malloc_trim_r
 .text._free_r  0x0000000000008700      0x1cc /home/tech/ti/ccsv7/tools/compiler/gcc-arm-none-eabi-6-2017-q1-update/bin/../lib/gcc/arm-none-eabi/6.3.1/../../../../arm-none-eabi/lib/thumb/v7e-m/fpv4-sp/hard/libc.a(lib_a-freer.o)
                0x0000000000008700                _free_r
 .text._fwalk   0x00000000000088cc       0x4c /home/tech/ti/ccsv7/tools/compiler/gcc-arm-none-eabi-6-2017-q1-update/bin/../lib/gcc/arm-none-eabi/6.3.1/../../../../arm-none-eabi/lib/thumb/v7e-m/fpv4-sp/hard/libc.a(lib_a-fwalk.o)
                0x00000000000088cc                _fwalk
 .text._fwalk_reent
                0x0000000000008918       0x54 /home/tech/ti/ccsv7/tools/compiler/gcc-arm-none-eabi-6-2017-q1-update/bin/../lib/gcc/arm-none-eabi/6.3.1/../../../../arm-none-eabi/lib/thumb/v7e-m/fpv4-sp/hard/libc.a(lib_a-fwalk.o)
                0x0000000000008918                _fwalk_reent
 .text.rshift   0x000000000000896c       0x98 /home/tech/ti/ccsv7/tools/compiler/gcc-arm-none-eabi-6-2017-q1-update/bin/../lib/gcc/arm-none-eabi/6.3.1/../../../../arm-none-eabi/lib/thumb/v7e-m/fpv4-sp/hard/libc.a(lib_a-gdtoa-gethex.o)
 .text.__gethex
                0x0000000000008a04      0x518 /home/tech/ti/ccsv7/tools/compiler/gcc-arm-none-eabi-6-2017-q1-update/bin/../lib/gcc/arm-none-eabi/6.3.1/../../../../arm-none-eabi/lib/thumb/v7e-m/fpv4-sp/hard/libc.a(lib_a-gdtoa-gethex.o)
                0x0000000000008a04                __gethex
 .text.__match  0x0000000000008f1c       0x30 /home/tech/ti/ccsv7/tools/compiler/gcc-arm-none-eabi-6-2017-q1-update/bin/../lib/gcc/arm-none-eabi/6.3.1/../../../../arm-none-eabi/lib/thumb/v7e-m/fpv4-sp/hard/libc.a(lib_a-gdtoa-hexnan.o)
                0x0000000000008f1c                __match
 .text.__hexnan
                0x0000000000008f4c      0x184 /home/tech/ti/ccsv7/tools/compiler/gcc-arm-none-eabi-6-2017-q1-update/bin/../lib/gcc/arm-none-eabi/6.3.1/../../../../arm-none-eabi/lib/thumb/v7e-m/fpv4-sp/hard/libc.a(lib_a-gdtoa-hexnan.o)
                0x0000000000008f4c                __hexnan
 .text._setlocale_r
                0x00000000000090d0       0x40 /home/tech/ti/ccsv7/tools/compiler/gcc-arm-none-eabi-6-2017-q1-update/bin/../lib/gcc/arm-none-eabi/6.3.1/../../../../arm-none-eabi/lib/thumb/v7e-m/fpv4-sp/hard/libc.a(lib_a-locale.o)
                0x00000000000090d0                _setlocale_r
 .text.__locale_mb_cur_max
                0x0000000000009110       0x1c /home/tech/ti/ccsv7/tools/compiler/gcc-arm-none-eabi-6-2017-q1-update/bin/../lib/gcc/arm-none-eabi/6.3.1/../../../../arm-none-eabi/lib/thumb/v7e-m/fpv4-sp/hard/libc.a(lib_a-locale.o)
                0x0000000000009110                __locale_mb_cur_max
 .text.__locale_ctype_ptr_l
                0x000000000000912c        0x8 /home/tech/ti/ccsv7/tools/compiler/gcc-arm-none-eabi-6-2017-q1-update/bin/../lib/gcc/arm-none-eabi/6.3.1/../../../../arm-none-eabi/lib/thumb/v7e-m/fpv4-sp/hard/libc.a(lib_a-locale.o)
                0x000000000000912c                __locale_ctype_ptr_l
 .text.__locale_ctype_ptr
                0x0000000000009134       0x1c /home/tech/ti/ccsv7/tools/compiler/gcc-arm-none-eabi-6-2017-q1-update/bin/../lib/gcc/arm-none-eabi/6.3.1/../../../../arm-none-eabi/lib/thumb/v7e-m/fpv4-sp/hard/libc.a(lib_a-locale.o)
                0x0000000000009134                __locale_ctype_ptr
 .text.setlocale
                0x0000000000009150       0x10 /home/tech/ti/ccsv7/tools/compiler/gcc-arm-none-eabi-6-2017-q1-update/bin/../lib/gcc/arm-none-eabi/6.3.1/../../../../arm-none-eabi/lib/thumb/v7e-m/fpv4-sp/hard/libc.a(lib_a-locale.o)
                0x0000000000009150                setlocale
 .text.__localeconv_l
                0x0000000000009160        0x4 /home/tech/ti/ccsv7/tools/compiler/gcc-arm-none-eabi-6-2017-q1-update/bin/../lib/gcc/arm-none-eabi/6.3.1/../../../../arm-none-eabi/lib/thumb/v7e-m/fpv4-sp/hard/libc.a(lib_a-localeconv.o)
                0x0000000000009160                __localeconv_l
 .text._localeconv_r
                0x0000000000009164       0x1c /home/tech/ti/ccsv7/tools/compiler/gcc-arm-none-eabi-6-2017-q1-update/bin/../lib/gcc/arm-none-eabi/6.3.1/../../../../arm-none-eabi/lib/thumb/v7e-m/fpv4-sp/hard/libc.a(lib_a-localeconv.o)
                0x0000000000009164                _localeconv_r
 .text.localeconv
                0x0000000000009180       0x1c /home/tech/ti/ccsv7/tools/compiler/gcc-arm-none-eabi-6-2017-q1-update/bin/../lib/gcc/arm-none-eabi/6.3.1/../../../../arm-none-eabi/lib/thumb/v7e-m/fpv4-sp/hard/libc.a(lib_a-localeconv.o)
                0x0000000000009180                localeconv
 .text.__retarget_lock_init
                0x000000000000919c        0x4 /home/tech/ti/ccsv7/tools/compiler/gcc-arm-none-eabi-6-2017-q1-update/bin/../lib/gcc/arm-none-eabi/6.3.1/../../../../arm-none-eabi/lib/thumb/v7e-m/fpv4-sp/hard/libc.a(lib_a-lock.o)
                0x000000000000919c                __retarget_lock_init
 .text.__retarget_lock_init_recursive
                0x00000000000091a0        0x4 /home/tech/ti/ccsv7/tools/compiler/gcc-arm-none-eabi-6-2017-q1-update/bin/../lib/gcc/arm-none-eabi/6.3.1/../../../../arm-none-eabi/lib/thumb/v7e-m/fpv4-sp/hard/libc.a(lib_a-lock.o)
                0x00000000000091a0                __retarget_lock_init_recursive
 .text.__retarget_lock_close
                0x00000000000091a4        0x4 /home/tech/ti/ccsv7/tools/compiler/gcc-arm-none-eabi-6-2017-q1-update/bin/../lib/gcc/arm-none-eabi/6.3.1/../../../../arm-none-eabi/lib/thumb/v7e-m/fpv4-sp/hard/libc.a(lib_a-lock.o)
                0x00000000000091a4                __retarget_lock_close
 .text.__retarget_lock_close_recursive
                0x00000000000091a8        0x4 /home/tech/ti/ccsv7/tools/compiler/gcc-arm-none-eabi-6-2017-q1-update/bin/../lib/gcc/arm-none-eabi/6.3.1/../../../../arm-none-eabi/lib/thumb/v7e-m/fpv4-sp/hard/libc.a(lib_a-lock.o)
                0x00000000000091a8                __retarget_lock_close_recursive
 .text.__retarget_lock_acquire
                0x00000000000091ac        0x4 /home/tech/ti/ccsv7/tools/compiler/gcc-arm-none-eabi-6-2017-q1-update/bin/../lib/gcc/arm-none-eabi/6.3.1/../../../../arm-none-eabi/lib/thumb/v7e-m/fpv4-sp/hard/libc.a(lib_a-lock.o)
                0x00000000000091ac                __retarget_lock_acquire
 .text.__retarget_lock_acquire_recursive
                0x00000000000091b0        0x4 /home/tech/ti/ccsv7/tools/compiler/gcc-arm-none-eabi-6-2017-q1-update/bin/../lib/gcc/arm-none-eabi/6.3.1/../../../../arm-none-eabi/lib/thumb/v7e-m/fpv4-sp/hard/libc.a(lib_a-lock.o)
                0x00000000000091b0                __retarget_lock_acquire_recursive
 .text.__retarget_lock_try_acquire
                0x00000000000091b4        0x4 /home/tech/ti/ccsv7/tools/compiler/gcc-arm-none-eabi-6-2017-q1-update/bin/../lib/gcc/arm-none-eabi/6.3.1/../../../../arm-none-eabi/lib/thumb/v7e-m/fpv4-sp/hard/libc.a(lib_a-lock.o)
                0x00000000000091b4                __retarget_lock_try_acquire
 .text.__retarget_lock_try_acquire_recursive
                0x00000000000091b8        0x4 /home/tech/ti/ccsv7/tools/compiler/gcc-arm-none-eabi-6-2017-q1-update/bin/../lib/gcc/arm-none-eabi/6.3.1/../../../../arm-none-eabi/lib/thumb/v7e-m/fpv4-sp/hard/libc.a(lib_a-lock.o)
                0x00000000000091b8                __retarget_lock_try_acquire_recursive
 .text.__retarget_lock_release
                0x00000000000091bc        0x4 /home/tech/ti/ccsv7/tools/compiler/gcc-arm-none-eabi-6-2017-q1-update/bin/../lib/gcc/arm-none-eabi/6.3.1/../../../../arm-none-eabi/lib/thumb/v7e-m/fpv4-sp/hard/libc.a(lib_a-lock.o)
                0x00000000000091bc                __retarget_lock_release
 .text.__retarget_lock_release_recursive
                0x00000000000091c0        0x4 /home/tech/ti/ccsv7/tools/compiler/gcc-arm-none-eabi-6-2017-q1-update/bin/../lib/gcc/arm-none-eabi/6.3.1/../../../../arm-none-eabi/lib/thumb/v7e-m/fpv4-sp/hard/libc.a(lib_a-lock.o)
                0x00000000000091c0                __retarget_lock_release_recursive
 .text.__swhatbuf_r
                0x00000000000091c4       0x5c /home/tech/ti/ccsv7/tools/compiler/gcc-arm-none-eabi-6-2017-q1-update/bin/../lib/gcc/arm-none-eabi/6.3.1/../../../../arm-none-eabi/lib/thumb/v7e-m/fpv4-sp/hard/libc.a(lib_a-makebuf.o)
                0x00000000000091c4                __swhatbuf_r
 .text.__smakebuf_r
                0x0000000000009220       0x94 /home/tech/ti/ccsv7/tools/compiler/gcc-arm-none-eabi-6-2017-q1-update/bin/../lib/gcc/arm-none-eabi/6.3.1/../../../../arm-none-eabi/lib/thumb/v7e-m/fpv4-sp/hard/libc.a(lib_a-makebuf.o)
                0x0000000000009220                __smakebuf_r
 .text._malloc_r
                0x00000000000092b4      0x560 /home/tech/ti/ccsv7/tools/compiler/gcc-arm-none-eabi-6-2017-q1-update/bin/../lib/gcc/arm-none-eabi/6.3.1/../../../../arm-none-eabi/lib/thumb/v7e-m/fpv4-sp/hard/libc.a(lib_a-mallocr.o)
                0x00000000000092b4                _malloc_r
 .text._mbtowc_r
                0x0000000000009814       0x24 /home/tech/ti/ccsv7/tools/compiler/gcc-arm-none-eabi-6-2017-q1-update/bin/../lib/gcc/arm-none-eabi/6.3.1/../../../../arm-none-eabi/lib/thumb/v7e-m/fpv4-sp/hard/libc.a(lib_a-mbtowc_r.o)
                0x0000000000009814                _mbtowc_r
 .text.__ascii_mbtowc
                0x0000000000009838       0x2c /home/tech/ti/ccsv7/tools/compiler/gcc-arm-none-eabi-6-2017-q1-update/bin/../lib/gcc/arm-none-eabi/6.3.1/../../../../arm-none-eabi/lib/thumb/v7e-m/fpv4-sp/hard/libc.a(lib_a-mbtowc_r.o)
                0x0000000000009838                __ascii_mbtowc
 .text.__malloc_lock
                0x0000000000009864        0xc /home/tech/ti/ccsv7/tools/compiler/gcc-arm-none-eabi-6-2017-q1-update/bin/../lib/gcc/arm-none-eabi/6.3.1/../../../../arm-none-eabi/lib/thumb/v7e-m/fpv4-sp/hard/libc.a(lib_a-mlock.o)
                0x0000000000009864                __malloc_lock
 .text.__malloc_unlock
                0x0000000000009870        0xc /home/tech/ti/ccsv7/tools/compiler/gcc-arm-none-eabi-6-2017-q1-update/bin/../lib/gcc/arm-none-eabi/6.3.1/../../../../arm-none-eabi/lib/thumb/v7e-m/fpv4-sp/hard/libc.a(lib_a-mlock.o)
                0x0000000000009870                __malloc_unlock
 .text._Balloc  0x000000000000987c       0x4c /home/tech/ti/ccsv7/tools/compiler/gcc-arm-none-eabi-6-2017-q1-update/bin/../lib/gcc/arm-none-eabi/6.3.1/../../../../arm-none-eabi/lib/thumb/v7e-m/fpv4-sp/hard/libc.a(lib_a-mprec.o)
                0x000000000000987c                _Balloc
 .text._Bfree   0x00000000000098c8       0x14 /home/tech/ti/ccsv7/tools/compiler/gcc-arm-none-eabi-6-2017-q1-update/bin/../lib/gcc/arm-none-eabi/6.3.1/../../../../arm-none-eabi/lib/thumb/v7e-m/fpv4-sp/hard/libc.a(lib_a-mprec.o)
                0x00000000000098c8                _Bfree
 .text.__multadd
                0x00000000000098dc       0x80 /home/tech/ti/ccsv7/tools/compiler/gcc-arm-none-eabi-6-2017-q1-update/bin/../lib/gcc/arm-none-eabi/6.3.1/../../../../arm-none-eabi/lib/thumb/v7e-m/fpv4-sp/hard/libc.a(lib_a-mprec.o)
                0x00000000000098dc                __multadd
 .text.__s2b    0x000000000000995c       0x9c /home/tech/ti/ccsv7/tools/compiler/gcc-arm-none-eabi-6-2017-q1-update/bin/../lib/gcc/arm-none-eabi/6.3.1/../../../../arm-none-eabi/lib/thumb/v7e-m/fpv4-sp/hard/libc.a(lib_a-mprec.o)
                0x000000000000995c                __s2b
 .text.__hi0bits
                0x00000000000099f8       0x40 /home/tech/ti/ccsv7/tools/compiler/gcc-arm-none-eabi-6-2017-q1-update/bin/../lib/gcc/arm-none-eabi/6.3.1/../../../../arm-none-eabi/lib/thumb/v7e-m/fpv4-sp/hard/libc.a(lib_a-mprec.o)
                0x00000000000099f8                __hi0bits
 .text.__lo0bits
                0x0000000000009a38       0x60 /home/tech/ti/ccsv7/tools/compiler/gcc-arm-none-eabi-6-2017-q1-update/bin/../lib/gcc/arm-none-eabi/6.3.1/../../../../arm-none-eabi/lib/thumb/v7e-m/fpv4-sp/hard/libc.a(lib_a-mprec.o)
                0x0000000000009a38                __lo0bits
 .text.__i2b    0x0000000000009a98       0x14 /home/tech/ti/ccsv7/tools/compiler/gcc-arm-none-eabi-6-2017-q1-update/bin/../lib/gcc/arm-none-eabi/6.3.1/../../../../arm-none-eabi/lib/thumb/v7e-m/fpv4-sp/hard/libc.a(lib_a-mprec.o)
                0x0000000000009a98                __i2b
 .text.__multiply
                0x0000000000009aac      0x124 /home/tech/ti/ccsv7/tools/compiler/gcc-arm-none-eabi-6-2017-q1-update/bin/../lib/gcc/arm-none-eabi/6.3.1/../../../../arm-none-eabi/lib/thumb/v7e-m/fpv4-sp/hard/libc.a(lib_a-mprec.o)
                0x0000000000009aac                __multiply
 .text.__pow5mult
                0x0000000000009bd0       0xa0 /home/tech/ti/ccsv7/tools/compiler/gcc-arm-none-eabi-6-2017-q1-update/bin/../lib/gcc/arm-none-eabi/6.3.1/../../../../arm-none-eabi/lib/thumb/v7e-m/fpv4-sp/hard/libc.a(lib_a-mprec.o)
                0x0000000000009bd0                __pow5mult
 .text.__lshift
                0x0000000000009c70       0xa4 /home/tech/ti/ccsv7/tools/compiler/gcc-arm-none-eabi-6-2017-q1-update/bin/../lib/gcc/arm-none-eabi/6.3.1/../../../../arm-none-eabi/lib/thumb/v7e-m/fpv4-sp/hard/libc.a(lib_a-mprec.o)
                0x0000000000009c70                __lshift
 .text.__mcmp   0x0000000000009d14       0x38 /home/tech/ti/ccsv7/tools/compiler/gcc-arm-none-eabi-6-2017-q1-update/bin/../lib/gcc/arm-none-eabi/6.3.1/../../../../arm-none-eabi/lib/thumb/v7e-m/fpv4-sp/hard/libc.a(lib_a-mprec.o)
                0x0000000000009d14                __mcmp
 .text.__mdiff  0x0000000000009d4c      0x108 /home/tech/ti/ccsv7/tools/compiler/gcc-arm-none-eabi-6-2017-q1-update/bin/../lib/gcc/arm-none-eabi/6.3.1/../../../../arm-none-eabi/lib/thumb/v7e-m/fpv4-sp/hard/libc.a(lib_a-mprec.o)
                0x0000000000009d4c                __mdiff
 .text.__ulp    0x0000000000009e54       0x54 /home/tech/ti/ccsv7/tools/compiler/gcc-arm-none-eabi-6-2017-q1-update/bin/../lib/gcc/arm-none-eabi/6.3.1/../../../../arm-none-eabi/lib/thumb/v7e-m/fpv4-sp/hard/libc.a(lib_a-mprec.o)
                0x0000000000009e54                __ulp
 .text.__b2d    0x0000000000009ea8       0xc4 /home/tech/ti/ccsv7/tools/compiler/gcc-arm-none-eabi-6-2017-q1-update/bin/../lib/gcc/arm-none-eabi/6.3.1/../../../../arm-none-eabi/lib/thumb/v7e-m/fpv4-sp/hard/libc.a(lib_a-mprec.o)
                0x0000000000009ea8                __b2d
 .text.__d2b    0x0000000000009f6c       0xbc /home/tech/ti/ccsv7/tools/compiler/gcc-arm-none-eabi-6-2017-q1-update/bin/../lib/gcc/arm-none-eabi/6.3.1/../../../../arm-none-eabi/lib/thumb/v7e-m/fpv4-sp/hard/libc.a(lib_a-mprec.o)
                0x0000000000009f6c                __d2b
 .text.__ratio  0x000000000000a028       0x60 /home/tech/ti/ccsv7/tools/compiler/gcc-arm-none-eabi-6-2017-q1-update/bin/../lib/gcc/arm-none-eabi/6.3.1/../../../../arm-none-eabi/lib/thumb/v7e-m/fpv4-sp/hard/libc.a(lib_a-mprec.o)
                0x000000000000a028                __ratio
 .text._mprec_log10
                0x000000000000a088       0x40 /home/tech/ti/ccsv7/tools/compiler/gcc-arm-none-eabi-6-2017-q1-update/bin/../lib/gcc/arm-none-eabi/6.3.1/../../../../arm-none-eabi/lib/thumb/v7e-m/fpv4-sp/hard/libc.a(lib_a-mprec.o)
                0x000000000000a088                _mprec_log10
 .text.__copybits
                0x000000000000a0c8       0x48 /home/tech/ti/ccsv7/tools/compiler/gcc-arm-none-eabi-6-2017-q1-update/bin/../lib/gcc/arm-none-eabi/6.3.1/../../../../arm-none-eabi/lib/thumb/v7e-m/fpv4-sp/hard/libc.a(lib_a-mprec.o)
                0x000000000000a0c8                __copybits
 .text.__any_on
                0x000000000000a110       0x60 /home/tech/ti/ccsv7/tools/compiler/gcc-arm-none-eabi-6-2017-q1-update/bin/../lib/gcc/arm-none-eabi/6.3.1/../../../../arm-none-eabi/lib/thumb/v7e-m/fpv4-sp/hard/libc.a(lib_a-mprec.o)
                0x000000000000a110                __any_on
 .text._putc_r  0x000000000000a170       0x70 /home/tech/ti/ccsv7/tools/compiler/gcc-arm-none-eabi-6-2017-q1-update/bin/../lib/gcc/arm-none-eabi/6.3.1/../../../../arm-none-eabi/lib/thumb/v7e-m/fpv4-sp/hard/libc.a(lib_a-putc.o)
                0x000000000000a170                _putc_r
 .text.putc     0x000000000000a1e0       0x78 /home/tech/ti/ccsv7/tools/compiler/gcc-arm-none-eabi-6-2017-q1-update/bin/../lib/gcc/arm-none-eabi/6.3.1/../../../../arm-none-eabi/lib/thumb/v7e-m/fpv4-sp/hard/libc.a(lib_a-putc.o)
                0x000000000000a1e0                putc
 .text._sbrk_r  0x000000000000a258       0x24 /home/tech/ti/ccsv7/tools/compiler/gcc-arm-none-eabi-6-2017-q1-update/bin/../lib/gcc/arm-none-eabi/6.3.1/../../../../arm-none-eabi/lib/thumb/v7e-m/fpv4-sp/hard/libc.a(lib_a-sbrkr.o)
                0x000000000000a258                _sbrk_r
 .text.nanf     0x000000000000a27c        0xc /home/tech/ti/ccsv7/tools/compiler/gcc-arm-none-eabi-6-2017-q1-update/bin/../lib/gcc/arm-none-eabi/6.3.1/../../../../arm-none-eabi/lib/thumb/v7e-m/fpv4-sp/hard/libc.a(lib_a-sf_nan.o)
                0x000000000000a27c                nanf
 .text.__sread  0x000000000000a288       0x24 /home/tech/ti/ccsv7/tools/compiler/gcc-arm-none-eabi-6-2017-q1-update/bin/../lib/gcc/arm-none-eabi/6.3.1/../../../../arm-none-eabi/lib/thumb/v7e-m/fpv4-sp/hard/libc.a(lib_a-stdio.o)
                0x000000000000a288                __sread
 .text.__seofread
                0x000000000000a2ac        0x4 /home/tech/ti/ccsv7/tools/compiler/gcc-arm-none-eabi-6-2017-q1-update/bin/../lib/gcc/arm-none-eabi/6.3.1/../../../../arm-none-eabi/lib/thumb/v7e-m/fpv4-sp/hard/libc.a(lib_a-stdio.o)
                0x000000000000a2ac                __seofread
 .text.__swrite
                0x000000000000a2b0       0x3c /home/tech/ti/ccsv7/tools/compiler/gcc-arm-none-eabi-6-2017-q1-update/bin/../lib/gcc/arm-none-eabi/6.3.1/../../../../arm-none-eabi/lib/thumb/v7e-m/fpv4-sp/hard/libc.a(lib_a-stdio.o)
                0x000000000000a2b0                __swrite
 .text.__sseek  0x000000000000a2ec       0x20 /home/tech/ti/ccsv7/tools/compiler/gcc-arm-none-eabi-6-2017-q1-update/bin/../lib/gcc/arm-none-eabi/6.3.1/../../../../arm-none-eabi/lib/thumb/v7e-m/fpv4-sp/hard/libc.a(lib_a-stdio.o)
                0x000000000000a2ec                __sseek
 .text.__sclose
                0x000000000000a30c        0x8 /home/tech/ti/ccsv7/tools/compiler/gcc-arm-none-eabi-6-2017-q1-update/bin/../lib/gcc/arm-none-eabi/6.3.1/../../../../arm-none-eabi/lib/thumb/v7e-m/fpv4-sp/hard/libc.a(lib_a-stdio.o)
                0x000000000000a30c                __sclose
 .text.strncmp  0x000000000000a314       0xa4 /home/tech/ti/ccsv7/tools/compiler/gcc-arm-none-eabi-6-2017-q1-update/bin/../lib/gcc/arm-none-eabi/6.3.1/../../../../arm-none-eabi/lib/thumb/v7e-m/fpv4-sp/hard/libc.a(lib_a-strncmp.o)
                0x000000000000a314                strncmp
 .text.__ssprint_r
                0x000000000000a3b8       0xfc /home/tech/ti/ccsv7/tools/compiler/gcc-arm-none-eabi-6-2017-q1-update/bin/../lib/gcc/arm-none-eabi/6.3.1/../../../../arm-none-eabi/lib/thumb/v7e-m/fpv4-sp/hard/libc.a(lib_a-svfiprintf.o)
                0x000000000000a3b8                __ssprint_r
 .text._svfiprintf_r
                0x000000000000a4b4      0xa54 /home/tech/ti/ccsv7/tools/compiler/gcc-arm-none-eabi-6-2017-q1-update/bin/../lib/gcc/arm-none-eabi/6.3.1/../../../../arm-none-eabi/lib/thumb/v7e-m/fpv4-sp/hard/libc.a(lib_a-svfiprintf.o)
                0x000000000000a4b4                _svfiprintf_r
 .text.__sprint_r.part.0
                0x000000000000af08       0x80 /home/tech/ti/ccsv7/tools/compiler/gcc-arm-none-eabi-6-2017-q1-update/bin/../lib/gcc/arm-none-eabi/6.3.1/../../../../arm-none-eabi/lib/thumb/v7e-m/fpv4-sp/hard/libc.a(lib_a-vfiprintf.o)
 .text.__sprint_r
                0x000000000000af88       0x14 /home/tech/ti/ccsv7/tools/compiler/gcc-arm-none-eabi-6-2017-q1-update/bin/../lib/gcc/arm-none-eabi/6.3.1/../../../../arm-none-eabi/lib/thumb/v7e-m/fpv4-sp/hard/libc.a(lib_a-vfiprintf.o)
                0x000000000000af88                __sprint_r
 .text._vfiprintf_r
                0x000000000000af9c      0xc90 /home/tech/ti/ccsv7/tools/compiler/gcc-arm-none-eabi-6-2017-q1-update/bin/../lib/gcc/arm-none-eabi/6.3.1/../../../../arm-none-eabi/lib/thumb/v7e-m/fpv4-sp/hard/libc.a(lib_a-vfiprintf.o)
                0x000000000000af9c                _vfiprintf_r
 .text.vfiprintf
                0x000000000000bc2c       0x18 /home/tech/ti/ccsv7/tools/compiler/gcc-arm-none-eabi-6-2017-q1-update/bin/../lib/gcc/arm-none-eabi/6.3.1/../../../../arm-none-eabi/lib/thumb/v7e-m/fpv4-sp/hard/libc.a(lib_a-vfiprintf.o)
                0x000000000000bc2c                vfiprintf
 .text.__sbprintf
                0x000000000000bc44       0x84 /home/tech/ti/ccsv7/tools/compiler/gcc-arm-none-eabi-6-2017-q1-update/bin/../lib/gcc/arm-none-eabi/6.3.1/../../../../arm-none-eabi/lib/thumb/v7e-m/fpv4-sp/hard/libc.a(lib_a-vfiprintf.o)
 .text.__swbuf_r
                0x000000000000bcc8       0xb0 /home/tech/ti/ccsv7/tools/compiler/gcc-arm-none-eabi-6-2017-q1-update/bin/../lib/gcc/arm-none-eabi/6.3.1/../../../../arm-none-eabi/lib/thumb/v7e-m/fpv4-sp/hard/libc.a(lib_a-wbuf.o)
                0x000000000000bcc8                __swbuf_r
 .text.__swbuf  0x000000000000bd78       0x10 /home/tech/ti/ccsv7/tools/compiler/gcc-arm-none-eabi-6-2017-q1-update/bin/../lib/gcc/arm-none-eabi/6.3.1/../../../../arm-none-eabi/lib/thumb/v7e-m/fpv4-sp/hard/libc.a(lib_a-wbuf.o)
                0x000000000000bd78                __swbuf
 .text._wctomb_r
                0x000000000000bd88       0x24 /home/tech/ti/ccsv7/tools/compiler/gcc-arm-none-eabi-6-2017-q1-update/bin/../lib/gcc/arm-none-eabi/6.3.1/../../../../arm-none-eabi/lib/thumb/v7e-m/fpv4-sp/hard/libc.a(lib_a-wctomb_r.o)
                0x000000000000bd88                _wctomb_r
 .text.__ascii_wctomb
                0x000000000000bdac       0x1c /home/tech/ti/ccsv7/tools/compiler/gcc-arm-none-eabi-6-2017-q1-update/bin/../lib/gcc/arm-none-eabi/6.3.1/../../../../arm-none-eabi/lib/thumb/v7e-m/fpv4-sp/hard/libc.a(lib_a-wctomb_r.o)
                0x000000000000bdac                __ascii_wctomb
 .text._write_r
                0x000000000000bdc8       0x2c /home/tech/ti/ccsv7/tools/compiler/gcc-arm-none-eabi-6-2017-q1-update/bin/../lib/gcc/arm-none-eabi/6.3.1/../../../../arm-none-eabi/lib/thumb/v7e-m/fpv4-sp/hard/libc.a(lib_a-writer.o)
                0x000000000000bdc8                _write_r
 .text.__register_exitproc
                0x000000000000bdf4       0xc4 /home/tech/ti/ccsv7/tools/compiler/gcc-arm-none-eabi-6-2017-q1-update/bin/../lib/gcc/arm-none-eabi/6.3.1/../../../../arm-none-eabi/lib/thumb/v7e-m/fpv4-sp/hard/libc.a(lib_a-__atexit.o)
                0x000000000000bdf4                __register_exitproc
 .text._calloc_r
                0x000000000000beb8       0x60 /home/tech/ti/ccsv7/tools/compiler/gcc-arm-none-eabi-6-2017-q1-update/bin/../lib/gcc/arm-none-eabi/6.3.1/../../../../arm-none-eabi/lib/thumb/v7e-m/fpv4-sp/hard/libc.a(lib_a-callocr.o)
                0x000000000000beb8                _calloc_r
 .text._close_r
                0x000000000000bf18       0x24 /home/tech/ti/ccsv7/tools/compiler/gcc-arm-none-eabi-6-2017-q1-update/bin/../lib/gcc/arm-none-eabi/6.3.1/../../../../arm-none-eabi/lib/thumb/v7e-m/fpv4-sp/hard/libc.a(lib_a-closer.o)
                0x000000000000bf18                _close_r
 .text._fclose_r
                0x000000000000bf3c       0xc4 /home/tech/ti/ccsv7/tools/compiler/gcc-arm-none-eabi-6-2017-q1-update/bin/../lib/gcc/arm-none-eabi/6.3.1/../../../../arm-none-eabi/lib/thumb/v7e-m/fpv4-sp/hard/libc.a(lib_a-fclose.o)
                0x000000000000bf3c                _fclose_r
 .text.fclose   0x000000000000c000       0x10 /home/tech/ti/ccsv7/tools/compiler/gcc-arm-none-eabi-6-2017-q1-update/bin/../lib/gcc/arm-none-eabi/6.3.1/../../../../arm-none-eabi/lib/thumb/v7e-m/fpv4-sp/hard/libc.a(lib_a-fclose.o)
                0x000000000000c000                fclose
 .text.__fputwc
                0x000000000000c010       0xa0 /home/tech/ti/ccsv7/tools/compiler/gcc-arm-none-eabi-6-2017-q1-update/bin/../lib/gcc/arm-none-eabi/6.3.1/../../../../arm-none-eabi/lib/thumb/v7e-m/fpv4-sp/hard/libc.a(lib_a-fputwc.o)
                0x000000000000c010                __fputwc
 .text._fputwc_r
                0x000000000000c0b0       0x68 /home/tech/ti/ccsv7/tools/compiler/gcc-arm-none-eabi-6-2017-q1-update/bin/../lib/gcc/arm-none-eabi/6.3.1/../../../../arm-none-eabi/lib/thumb/v7e-m/fpv4-sp/hard/libc.a(lib_a-fputwc.o)
                0x000000000000c0b0                _fputwc_r
 .text.fputwc   0x000000000000c118       0x28 /home/tech/ti/ccsv7/tools/compiler/gcc-arm-none-eabi-6-2017-q1-update/bin/../lib/gcc/arm-none-eabi/6.3.1/../../../../arm-none-eabi/lib/thumb/v7e-m/fpv4-sp/hard/libc.a(lib_a-fputwc.o)
                0x000000000000c118                fputwc
 .text._fstat_r
                0x000000000000c140       0x28 /home/tech/ti/ccsv7/tools/compiler/gcc-arm-none-eabi-6-2017-q1-update/bin/../lib/gcc/arm-none-eabi/6.3.1/../../../../arm-none-eabi/lib/thumb/v7e-m/fpv4-sp/hard/libc.a(lib_a-fstatr.o)
                0x000000000000c140                _fstat_r
 .text.__sfvwrite_r
                0x000000000000c168      0x2f0 /home/tech/ti/ccsv7/tools/compiler/gcc-arm-none-eabi-6-2017-q1-update/bin/../lib/gcc/arm-none-eabi/6.3.1/../../../../arm-none-eabi/lib/thumb/v7e-m/fpv4-sp/hard/libc.a(lib_a-fvwrite.o)
                0x000000000000c168                __sfvwrite_r
 .text._isatty_r
                0x000000000000c458       0x24 /home/tech/ti/ccsv7/tools/compiler/gcc-arm-none-eabi-6-2017-q1-update/bin/../lib/gcc/arm-none-eabi/6.3.1/../../../../arm-none-eabi/lib/thumb/v7e-m/fpv4-sp/hard/libc.a(lib_a-isattyr.o)
                0x000000000000c458                _isatty_r
 .text._lseek_r
                0x000000000000c47c       0x2c /home/tech/ti/ccsv7/tools/compiler/gcc-arm-none-eabi-6-2017-q1-update/bin/../lib/gcc/arm-none-eabi/6.3.1/../../../../arm-none-eabi/lib/thumb/v7e-m/fpv4-sp/hard/libc.a(lib_a-lseekr.o)
                0x000000000000c47c                _lseek_r
 .text.memmove  0x000000000000c4a8       0xc8 /home/tech/ti/ccsv7/tools/compiler/gcc-arm-none-eabi-6-2017-q1-update/bin/../lib/gcc/arm-none-eabi/6.3.1/../../../../arm-none-eabi/lib/thumb/v7e-m/fpv4-sp/hard/libc.a(lib_a-memmove.o)
                0x000000000000c4a8                memmove
 .text._read_r  0x000000000000c570       0x2c /home/tech/ti/ccsv7/tools/compiler/gcc-arm-none-eabi-6-2017-q1-update/bin/../lib/gcc/arm-none-eabi/6.3.1/../../../../arm-none-eabi/lib/thumb/v7e-m/fpv4-sp/hard/libc.a(lib_a-readr.o)
                0x000000000000c570                _read_r
 .text._realloc_r
                0x000000000000c59c      0x34c /home/tech/ti/ccsv7/tools/compiler/gcc-arm-none-eabi-6-2017-q1-update/bin/../lib/gcc/arm-none-eabi/6.3.1/../../../../arm-none-eabi/lib/thumb/v7e-m/fpv4-sp/hard/libc.a(lib_a-reallocr.o)
                0x000000000000c59c                _realloc_r
 .text.cleanup_glue
                0x000000000000c8e8       0x1c /home/tech/ti/ccsv7/tools/compiler/gcc-arm-none-eabi-6-2017-q1-update/bin/../lib/gcc/arm-none-eabi/6.3.1/../../../../arm-none-eabi/lib/thumb/v7e-m/fpv4-sp/hard/libc.a(lib_a-reent.o)
                0x000000000000c8e8                cleanup_glue
 .text._reclaim_reent
                0x000000000000c904       0x88 /home/tech/ti/ccsv7/tools/compiler/gcc-arm-none-eabi-6-2017-q1-update/bin/../lib/gcc/arm-none-eabi/6.3.1/../../../../arm-none-eabi/lib/thumb/v7e-m/fpv4-sp/hard/libc.a(lib_a-reent.o)
                0x000000000000c904                _reclaim_reent
 .text._wcrtomb_r
                0x000000000000c98c       0x54 /home/tech/ti/ccsv7/tools/compiler/gcc-arm-none-eabi-6-2017-q1-update/bin/../lib/gcc/arm-none-eabi/6.3.1/../../../../arm-none-eabi/lib/thumb/v7e-m/fpv4-sp/hard/libc.a(lib_a-wcrtomb.o)
                0x000000000000c98c                _wcrtomb_r
 .text.wcrtomb  0x000000000000c9e0       0x4c /home/tech/ti/ccsv7/tools/compiler/gcc-arm-none-eabi-6-2017-q1-update/bin/../lib/gcc/arm-none-eabi/6.3.1/../../../../arm-none-eabi/lib/thumb/v7e-m/fpv4-sp/hard/libc.a(lib_a-wcrtomb.o)
                0x000000000000c9e0                wcrtomb
 .text.findslot
                0x000000000000ca2c       0x38 /home/tech/ti/ccsv7/tools/compiler/gcc-arm-none-eabi-6-2017-q1-update/bin/../lib/gcc/arm-none-eabi/6.3.1/../../../../arm-none-eabi/lib/thumb/v7e-m/fpv4-sp/hard/librdimon.a(rdimon-syscalls.o)
 .text.checkerror.part.0
                0x000000000000ca64       0x1c /home/tech/ti/ccsv7/tools/compiler/gcc-arm-none-eabi-6-2017-q1-update/bin/../lib/gcc/arm-none-eabi/6.3.1/../../../../arm-none-eabi/lib/thumb/v7e-m/fpv4-sp/hard/librdimon.a(rdimon-syscalls.o)
 .text.initialise_monitor_handles
                0x000000000000ca80       0xa8 /home/tech/ti/ccsv7/tools/compiler/gcc-arm-none-eabi-6-2017-q1-update/bin/../lib/gcc/arm-none-eabi/6.3.1/../../../../arm-none-eabi/lib/thumb/v7e-m/fpv4-sp/hard/librdimon.a(rdimon-syscalls.o)
                0x000000000000ca80                initialise_monitor_handles
 .text._swiread
                0x000000000000cb28       0x28 /home/tech/ti/ccsv7/tools/compiler/gcc-arm-none-eabi-6-2017-q1-update/bin/../lib/gcc/arm-none-eabi/6.3.1/../../../../arm-none-eabi/lib/thumb/v7e-m/fpv4-sp/hard/librdimon.a(rdimon-syscalls.o)
                0x000000000000cb28                _swiread
 .text._read    0x000000000000cb50       0x50 /home/tech/ti/ccsv7/tools/compiler/gcc-arm-none-eabi-6-2017-q1-update/bin/../lib/gcc/arm-none-eabi/6.3.1/../../../../arm-none-eabi/lib/thumb/v7e-m/fpv4-sp/hard/librdimon.a(rdimon-syscalls.o)
                0x000000000000cb50                _read
 .text._swilseek
                0x000000000000cba0       0x94 /home/tech/ti/ccsv7/tools/compiler/gcc-arm-none-eabi-6-2017-q1-update/bin/../lib/gcc/arm-none-eabi/6.3.1/../../../../arm-none-eabi/lib/thumb/v7e-m/fpv4-sp/hard/librdimon.a(rdimon-syscalls.o)
                0x000000000000cba0                _swilseek
 .text._lseek   0x000000000000cc34        0x4 /home/tech/ti/ccsv7/tools/compiler/gcc-arm-none-eabi-6-2017-q1-update/bin/../lib/gcc/arm-none-eabi/6.3.1/../../../../arm-none-eabi/lib/thumb/v7e-m/fpv4-sp/hard/librdimon.a(rdimon-syscalls.o)
                0x000000000000cc34                _lseek
 .text._swiwrite
                0x000000000000cc38       0x28 /home/tech/ti/ccsv7/tools/compiler/gcc-arm-none-eabi-6-2017-q1-update/bin/../lib/gcc/arm-none-eabi/6.3.1/../../../../arm-none-eabi/lib/thumb/v7e-m/fpv4-sp/hard/librdimon.a(rdimon-syscalls.o)
                0x000000000000cc38                _swiwrite
 .text._write   0x000000000000cc60       0x74 /home/tech/ti/ccsv7/tools/compiler/gcc-arm-none-eabi-6-2017-q1-update/bin/../lib/gcc/arm-none-eabi/6.3.1/../../../../arm-none-eabi/lib/thumb/v7e-m/fpv4-sp/hard/librdimon.a(rdimon-syscalls.o)
                0x000000000000cc60                _write
 .text._swiclose
                0x000000000000ccd4       0x28 /home/tech/ti/ccsv7/tools/compiler/gcc-arm-none-eabi-6-2017-q1-update/bin/../lib/gcc/arm-none-eabi/6.3.1/../../../../arm-none-eabi/lib/thumb/v7e-m/fpv4-sp/hard/librdimon.a(rdimon-syscalls.o)
                0x000000000000ccd4                _swiclose
 .text._close   0x000000000000ccfc       0x64 /home/tech/ti/ccsv7/tools/compiler/gcc-arm-none-eabi-6-2017-q1-update/bin/../lib/gcc/arm-none-eabi/6.3.1/../../../../arm-none-eabi/lib/thumb/v7e-m/fpv4-sp/hard/librdimon.a(rdimon-syscalls.o)
                0x000000000000ccfc                _close
 .text._getpid  0x000000000000cd60        0x4 /home/tech/ti/ccsv7/tools/compiler/gcc-arm-none-eabi-6-2017-q1-update/bin/../lib/gcc/arm-none-eabi/6.3.1/../../../../arm-none-eabi/lib/thumb/v7e-m/fpv4-sp/hard/librdimon.a(rdimon-syscalls.o)
                0x000000000000cd60                _getpid
 .text._sbrk    0x000000000000cd64       0x4c /home/tech/ti/ccsv7/tools/compiler/gcc-arm-none-eabi-6-2017-q1-update/bin/../lib/gcc/arm-none-eabi/6.3.1/../../../../arm-none-eabi/lib/thumb/v7e-m/fpv4-sp/hard/librdimon.a(rdimon-syscalls.o)
                0x000000000000cd64                _sbrk
 .text._swistat
                0x000000000000cdb0       0x48 /home/tech/ti/ccsv7/tools/compiler/gcc-arm-none-eabi-6-2017-q1-update/bin/../lib/gcc/arm-none-eabi/6.3.1/../../../../arm-none-eabi/lib/thumb/v7e-m/fpv4-sp/hard/librdimon.a(rdimon-syscalls.o)
                0x000000000000cdb0                _swistat
 .text._fstat   0x000000000000cdf8       0x1c /home/tech/ti/ccsv7/tools/compiler/gcc-arm-none-eabi-6-2017-q1-update/bin/../lib/gcc/arm-none-eabi/6.3.1/../../../../arm-none-eabi/lib/thumb/v7e-m/fpv4-sp/hard/librdimon.a(rdimon-syscalls.o)
                0x000000000000cdf8                _fstat
 .text._stat    0x000000000000ce14       0x3c /home/tech/ti/ccsv7/tools/compiler/gcc-arm-none-eabi-6-2017-q1-update/bin/../lib/gcc/arm-none-eabi/6.3.1/../../../../arm-none-eabi/lib/thumb/v7e-m/fpv4-sp/hard/librdimon.a(rdimon-syscalls.o)
                0x000000000000ce14                _stat
 .text._swiopen
                0x000000000000ce50       0xd8 /home/tech/ti/ccsv7/tools/compiler/gcc-arm-none-eabi-6-2017-q1-update/bin/../lib/gcc/arm-none-eabi/6.3.1/../../../../arm-none-eabi/lib/thumb/v7e-m/fpv4-sp/hard/librdimon.a(rdimon-syscalls.o)
                0x000000000000ce50                _swiopen
 .text._open    0x000000000000cf28       0x14 /home/tech/ti/ccsv7/tools/compiler/gcc-arm-none-eabi-6-2017-q1-update/bin/../lib/gcc/arm-none-eabi/6.3.1/../../../../arm-none-eabi/lib/thumb/v7e-m/fpv4-sp/hard/librdimon.a(rdimon-syscalls.o)
                0x000000000000cf28                _open
 .text._link    0x000000000000cf3c       0x10 /home/tech/ti/ccsv7/tools/compiler/gcc-arm-none-eabi-6-2017-q1-update/bin/../lib/gcc/arm-none-eabi/6.3.1/../../../../arm-none-eabi/lib/thumb/v7e-m/fpv4-sp/hard/librdimon.a(rdimon-syscalls.o)
                0x000000000000cf3c                _link
 .text._unlink  0x000000000000cf4c       0x40 /home/tech/ti/ccsv7/tools/compiler/gcc-arm-none-eabi-6-2017-q1-update/bin/../lib/gcc/arm-none-eabi/6.3.1/../../../../arm-none-eabi/lib/thumb/v7e-m/fpv4-sp/hard/librdimon.a(rdimon-syscalls.o)
                0x000000000000cf4c                _unlink
 .text._gettimeofday
                0x000000000000cf8c       0x24 /home/tech/ti/ccsv7/tools/compiler/gcc-arm-none-eabi-6-2017-q1-update/bin/../lib/gcc/arm-none-eabi/6.3.1/../../../../arm-none-eabi/lib/thumb/v7e-m/fpv4-sp/hard/librdimon.a(rdimon-syscalls.o)
                0x000000000000cf8c                _gettimeofday
 .text._clock   0x000000000000cfb0       0x14 /home/tech/ti/ccsv7/tools/compiler/gcc-arm-none-eabi-6-2017-q1-update/bin/../lib/gcc/arm-none-eabi/6.3.1/../../../../arm-none-eabi/lib/thumb/v7e-m/fpv4-sp/hard/librdimon.a(rdimon-syscalls.o)
                0x000000000000cfb0                _clock
 .text._times   0x000000000000cfc4       0x20 /home/tech/ti/ccsv7/tools/compiler/gcc-arm-none-eabi-6-2017-q1-update/bin/../lib/gcc/arm-none-eabi/6.3.1/../../../../arm-none-eabi/lib/thumb/v7e-m/fpv4-sp/hard/librdimon.a(rdimon-syscalls.o)
                0x000000000000cfc4                _times
 .text._isatty  0x000000000000cfe4       0x3c /home/tech/ti/ccsv7/tools/compiler/gcc-arm-none-eabi-6-2017-q1-update/bin/../lib/gcc/arm-none-eabi/6.3.1/../../../../arm-none-eabi/lib/thumb/v7e-m/fpv4-sp/hard/librdimon.a(rdimon-syscalls.o)
                0x000000000000cfe4                _isatty
 .text._system  0x000000000000d020       0x44 /home/tech/ti/ccsv7/tools/compiler/gcc-arm-none-eabi-6-2017-q1-update/bin/../lib/gcc/arm-none-eabi/6.3.1/../../../../arm-none-eabi/lib/thumb/v7e-m/fpv4-sp/hard/librdimon.a(rdimon-syscalls.o)
                0x000000000000d020                _system
 .text._rename  0x000000000000d064       0x3c /home/tech/ti/ccsv7/tools/compiler/gcc-arm-none-eabi-6-2017-q1-update/bin/../lib/gcc/arm-none-eabi/6.3.1/../../../../arm-none-eabi/lib/thumb/v7e-m/fpv4-sp/hard/librdimon.a(rdimon-syscalls.o)
                0x000000000000d064                _rename
 .text._exit    0x000000000000d0a0        0x8 /home/tech/ti/ccsv7/tools/compiler/gcc-arm-none-eabi-6-2017-q1-update/bin/../lib/gcc/arm-none-eabi/6.3.1/../../../../arm-none-eabi/lib/thumb/v7e-m/fpv4-sp/hard/librdimon.a(rdimon-_exit.o)
                0x000000000000d0a0                _exit
 .text._kill    0x000000000000d0a8       0x20 /home/tech/ti/ccsv7/tools/compiler/gcc-arm-none-eabi-6-2017-q1-update/bin/../lib/gcc/arm-none-eabi/6.3.1/../../../../arm-none-eabi/lib/thumb/v7e-m/fpv4-sp/hard/librdimon.a(rdimon-_kill.o)
                0x000000000000d0a8                _kill
 .text.__errno  0x000000000000d0c8        0xc /home/tech/ti/ccsv7/tools/compiler/gcc-arm-none-eabi-6-2017-q1-update/bin/../lib/gcc/arm-none-eabi/6.3.1/../../../../arm-none-eabi/lib/thumb/v7e-m/fpv4-sp/hard/libc.a(lib_a-errno.o)
                0x000000000000d0c8                __errno
                0x000000000000d0d4                . = ALIGN (0x4)
 *(.ctors)
                0x000000000000d0d4                . = ALIGN (0x4)
 *(.dtors)
                0x000000000000d0d4                . = ALIGN (0x4)
                0x000000000000d0d4                __init_array_start = .
 *(.init_array*)
 .init_array    0x000000000000d0d4        0x4 /home/tech/ti/ccsv7/tools/compiler/gcc-arm-none-eabi-6-2017-q1-update/bin/../lib/gcc/arm-none-eabi/6.3.1/thumb/v7e-m/fpv4-sp/hard/crtbegin.o
 .init_array.00000
                0x000000000000d0d8        0x4 /home/tech/ti/ccsv7/tools/compiler/gcc-arm-none-eabi-6-2017-q1-update/bin/../lib/gcc/arm-none-eabi/6.3.1/../../../../arm-none-eabi/lib/thumb/v7e-m/fpv4-sp/hard/libc.a(lib_a-__call_atexit.o)
                0x000000000000d0dc                __init_array_end = .
 *(.init)
 .init          0x000000000000d0dc        0x4 /home/tech/ti/ccsv7/tools/compiler/gcc-arm-none-eabi-6-2017-q1-update/bin/../lib/gcc/arm-none-eabi/6.3.1/thumb/v7e-m/fpv4-sp/hard/crti.o
                0x000000000000d0dc                _init
 .init          0x000000000000d0e0        0x8 /home/tech/ti/ccsv7/tools/compiler/gcc-arm-none-eabi-6-2017-q1-update/bin/../lib/gcc/arm-none-eabi/6.3.1/thumb/v7e-m/fpv4-sp/hard/crtn.o
 *(.fini*)
 .fini          0x000000000000d0e8        0x4 /home/tech/ti/ccsv7/tools/compiler/gcc-arm-none-eabi-6-2017-q1-update/bin/../lib/gcc/arm-none-eabi/6.3.1/thumb/v7e-m/fpv4-sp/hard/crti.o
                0x000000000000d0e8                _fini
 .fini_array    0x000000000000d0ec        0x4 /home/tech/ti/ccsv7/tools/compiler/gcc-arm-none-eabi-6-2017-q1-update/bin/../lib/gcc/arm-none-eabi/6.3.1/thumb/v7e-m/fpv4-sp/hard/crtbegin.o
 .fini          0x000000000000d0f0        0x8 /home/tech/ti/ccsv7/tools/compiler/gcc-arm-none-eabi-6-2017-q1-update/bin/../lib/gcc/arm-none-eabi/6.3.1/thumb/v7e-m/fpv4-sp/hard/crtn.o
                [!provide]                        PROVIDE (__etext, .)
                [!provide]                        PROVIDE (_etext, .)
                [!provide]                        PROVIDE (etext, .)

.glue_7         0x000000000000d0f8        0x0
 .glue_7        0x000000000000d0f8        0x0 linker stubs

.glue_7t        0x000000000000d0f8        0x0
 .glue_7t       0x000000000000d0f8        0x0 linker stubs

.vfp11_veneer   0x000000000000d0f8        0x0
 .vfp11_veneer  0x000000000000d0f8        0x0 linker stubs

.v4_bx          0x000000000000d0f8        0x0
 .v4_bx         0x000000000000d0f8        0x0 linker stubs

.iplt           0x000000000000d0f8        0x0
 .iplt          0x000000000000d0f8        0x0 /home/tech/ti/ccsv7/tools/compiler/gcc-arm-none-eabi-6-2017-q1-update/bin/../lib/gcc/arm-none-eabi/6.3.1/thumb/v7e-m/fpv4-sp/hard/crtbegin.o

.text:GPIOPinWrite
                0x000000000000d0f8        0x6
 .text:GPIOPinWrite
                0x000000000000d0f8        0x6 ../ccs/Debug/driverlib.lib(gpio.obj)
                0x000000000000d0f8                GPIOPinWrite

.text:GPIOPinWakeStatus
                0x000000000000d0fe        0x6
 .text:GPIOPinWakeStatus
                0x000000000000d0fe        0x6 ../ccs/Debug/driverlib.lib(gpio.obj)
                0x000000000000d0fe                GPIOPinWakeStatus

.text:GPIODirModeSet
                0x000000000000d104       0x2a
 .text:GPIODirModeSet
                0x000000000000d104       0x2a ../ccs/Debug/driverlib.lib(gpio.obj)
                0x000000000000d104                GPIODirModeSet

.text:GPIOPadConfigSet
                0x000000000000d12e      0x132
 .text:GPIOPadConfigSet
                0x000000000000d12e      0x132 ../ccs/Debug/driverlib.lib(gpio.obj)
                0x000000000000d12e                GPIOPadConfigSet

.text:GPIOPinTypeWakeLow
                0x000000000000d260       0x14
 .text:GPIOPinTypeWakeLow
                0x000000000000d260       0x14 ../ccs/Debug/driverlib.lib(gpio.obj)
                0x000000000000d260                GPIOPinTypeWakeLow

.text:GPIOPinTypeWakeHigh
                0x000000000000d274       0x14
 .text:GPIOPinTypeWakeHigh
                0x000000000000d274       0x14 ../ccs/Debug/driverlib.lib(gpio.obj)
                0x000000000000d274                GPIOPinTypeWakeHigh

.text:GPIOPinTypeUSBDigital
                0x000000000000d288       0x12
 .text:GPIOPinTypeUSBDigital
                0x000000000000d288       0x12 ../ccs/Debug/driverlib.lib(gpio.obj)
                0x000000000000d288                GPIOPinTypeUSBDigital

.text:GPIOPinTypeUSBAnalog
                0x000000000000d29a       0x12
 .text:GPIOPinTypeUSBAnalog
                0x000000000000d29a       0x12 ../ccs/Debug/driverlib.lib(gpio.obj)
                0x000000000000d29a                GPIOPinTypeUSBAnalog

.text:GPIOPinTypeUART
                0x000000000000d2ac       0x12
 .text:GPIOPinTypeUART
                0x000000000000d2ac       0x12 ../ccs/Debug/driverlib.lib(gpio.obj)
                0x000000000000d2ac                GPIOPinTypeUART

.text:GPIOPinTypeTrace
                0x000000000000d2be       0x12
 .text:GPIOPinTypeTrace
                0x000000000000d2be       0x12 ../ccs/Debug/driverlib.lib(gpio.obj)
                0x000000000000d2be                GPIOPinTypeTrace

.text:GPIOPinTypeTimer
                0x000000000000d2d0       0x12
 .text:GPIOPinTypeTimer
                0x000000000000d2d0       0x12 ../ccs/Debug/driverlib.lib(gpio.obj)
                0x000000000000d2d0                GPIOPinTypeTimer

.text:GPIOPinTypeSSI
                0x000000000000d2e2       0x12
 .text:GPIOPinTypeSSI
                0x000000000000d2e2       0x12 ../ccs/Debug/driverlib.lib(gpio.obj)
                0x000000000000d2e2                GPIOPinTypeSSI

.text:GPIOPinTypeQEI
                0x000000000000d2f4       0x12
 .text:GPIOPinTypeQEI
                0x000000000000d2f4       0x12 ../ccs/Debug/driverlib.lib(gpio.obj)
                0x000000000000d2f4                GPIOPinTypeQEI

.text:GPIOPinTypePWM
                0x000000000000d306       0x12
 .text:GPIOPinTypePWM
                0x000000000000d306       0x12 ../ccs/Debug/driverlib.lib(gpio.obj)
                0x000000000000d306                GPIOPinTypePWM

.text:GPIOPinTypeOneWire
                0x000000000000d318       0x12
 .text:GPIOPinTypeOneWire
                0x000000000000d318       0x12 ../ccs/Debug/driverlib.lib(gpio.obj)
                0x000000000000d318                GPIOPinTypeOneWire

.text:GPIOPinTypeLCD
                0x000000000000d32a       0x12
 .text:GPIOPinTypeLCD
                0x000000000000d32a       0x12 ../ccs/Debug/driverlib.lib(gpio.obj)
                0x000000000000d32a                GPIOPinTypeLCD

.text:GPIOPinTypeI2CSCL
                0x000000000000d33c       0x12
 .text:GPIOPinTypeI2CSCL
                0x000000000000d33c       0x12 ../ccs/Debug/driverlib.lib(gpio.obj)
                0x000000000000d33c                GPIOPinTypeI2CSCL

.text:GPIOPinTypeI2C
                0x000000000000d34e       0x12
 .text:GPIOPinTypeI2C
                0x000000000000d34e       0x12 ../ccs/Debug/driverlib.lib(gpio.obj)
                0x000000000000d34e                GPIOPinTypeI2C

.text:GPIOPinTypeHibernateRTCCLK
                0x000000000000d360       0x12
 .text:GPIOPinTypeHibernateRTCCLK
                0x000000000000d360       0x12 ../ccs/Debug/driverlib.lib(gpio.obj)
                0x000000000000d360                GPIOPinTypeHibernateRTCCLK

.text:GPIOPinTypeGPIOOutputOD
                0x000000000000d372       0x18
 .text:GPIOPinTypeGPIOOutputOD
                0x000000000000d372       0x18 ../ccs/Debug/driverlib.lib(gpio.obj)
                0x000000000000d372                GPIOPinTypeGPIOOutputOD

.text:GPIOPinTypeGPIOOutput
                0x000000000000d38a       0x18
 .text:GPIOPinTypeGPIOOutput
                0x000000000000d38a       0x18 ../ccs/Debug/driverlib.lib(gpio.obj)
                0x000000000000d38a                GPIOPinTypeGPIOOutput

.text:GPIOPinTypeGPIOInput
                0x000000000000d3a2       0x12
 .text:GPIOPinTypeGPIOInput
                0x000000000000d3a2       0x12 ../ccs/Debug/driverlib.lib(gpio.obj)
                0x000000000000d3a2                GPIOPinTypeGPIOInput

.text:GPIOPinTypeEthernetMII
                0x000000000000d3b4       0x12
 .text:GPIOPinTypeEthernetMII
                0x000000000000d3b4       0x12 ../ccs/Debug/driverlib.lib(gpio.obj)
                0x000000000000d3b4                GPIOPinTypeEthernetMII

.text:GPIOPinTypeEthernetLED
                0x000000000000d3c6       0x12
 .text:GPIOPinTypeEthernetLED
                0x000000000000d3c6       0x12 ../ccs/Debug/driverlib.lib(gpio.obj)
                0x000000000000d3c6                GPIOPinTypeEthernetLED

.text:GPIOPinTypeEPI
                0x000000000000d3d8       0x12
 .text:GPIOPinTypeEPI
                0x000000000000d3d8       0x12 ../ccs/Debug/driverlib.lib(gpio.obj)
                0x000000000000d3d8                GPIOPinTypeEPI

.text:GPIOPinTypeDIVSCLK
                0x000000000000d3ea       0x12
 .text:GPIOPinTypeDIVSCLK
                0x000000000000d3ea       0x12 ../ccs/Debug/driverlib.lib(gpio.obj)
                0x000000000000d3ea                GPIOPinTypeDIVSCLK

.text:GPIOPinTypeComparatorOutput
                0x000000000000d3fc       0x12
 .text:GPIOPinTypeComparatorOutput
                0x000000000000d3fc       0x12 ../ccs/Debug/driverlib.lib(gpio.obj)
                0x000000000000d3fc                GPIOPinTypeComparatorOutput

.text:GPIOPinTypeComparator
                0x000000000000d40e       0x12
 .text:GPIOPinTypeComparator
                0x000000000000d40e       0x12 ../ccs/Debug/driverlib.lib(gpio.obj)
                0x000000000000d40e                GPIOPinTypeComparator

.text:GPIOPinTypeCAN
                0x000000000000d420       0x12
 .text:GPIOPinTypeCAN
                0x000000000000d420       0x12 ../ccs/Debug/driverlib.lib(gpio.obj)
                0x000000000000d420                GPIOPinTypeCAN

.text:GPIOPinTypeADC
                0x000000000000d432       0x12
 .text:GPIOPinTypeADC
                0x000000000000d432       0x12 ../ccs/Debug/driverlib.lib(gpio.obj)
                0x000000000000d432                GPIOPinTypeADC

.text:GPIOPinRead
                0x000000000000d444        0x6
 .text:GPIOPinRead
                0x000000000000d444        0x6 ../ccs/Debug/driverlib.lib(gpio.obj)
                0x000000000000d444                GPIOPinRead

.text:GPIOPinConfigure
                0x000000000000d44c       0x48
 .text:GPIOPinConfigure
                0x000000000000d44c       0x48 ../ccs/Debug/driverlib.lib(gpio.obj)
                0x000000000000d44c                GPIOPinConfigure

.text:GPIOPadConfigGet
                0x000000000000d494       0xa4
 .text:GPIOPadConfigGet
                0x000000000000d494       0xa4 ../ccs/Debug/driverlib.lib(gpio.obj)
                0x000000000000d494                GPIOPadConfigGet

.text:_GPIOIntNumberGet
                0x000000000000d538       0x44
 .text:_GPIOIntNumberGet
                0x000000000000d538       0x44 ../ccs/Debug/driverlib.lib(gpio.obj)

.text:GPIOIntUnregisterPin
                0x000000000000d57c       0x18
 .text:GPIOIntUnregisterPin
                0x000000000000d57c       0x18 ../ccs/Debug/driverlib.lib(gpio.obj)
                0x000000000000d57c                GPIOIntUnregisterPin

.text:GPIOIntUnregister
                0x000000000000d594       0x14
 .text:GPIOIntUnregister
                0x000000000000d594       0x14 ../ccs/Debug/driverlib.lib(gpio.obj)
                0x000000000000d594                GPIOIntUnregister

.text:GPIOIntTypeSet
                0x000000000000d5a8       0x56
 .text:GPIOIntTypeSet
                0x000000000000d5a8       0x56 ../ccs/Debug/driverlib.lib(gpio.obj)
                0x000000000000d5a8                GPIOIntTypeSet

.text:GPIOIntTypeGet
                0x000000000000d5fe       0x42
 .text:GPIOIntTypeGet
                0x000000000000d5fe       0x42 ../ccs/Debug/driverlib.lib(gpio.obj)
                0x000000000000d5fe                GPIOIntTypeGet

.text:GPIOIntStatus
                0x000000000000d640        0xe
 .text:GPIOIntStatus
                0x000000000000d640        0xe ../ccs/Debug/driverlib.lib(gpio.obj)
                0x000000000000d640                GPIOIntStatus

.text:GPIOIntRegisterPin
                0x000000000000d64e       0x1c
 .text:GPIOIntRegisterPin
                0x000000000000d64e       0x1c ../ccs/Debug/driverlib.lib(gpio.obj)
                0x000000000000d64e                GPIOIntRegisterPin

.text:GPIOIntRegister
                0x000000000000d66a       0x18
 .text:GPIOIntRegister
                0x000000000000d66a       0x18 ../ccs/Debug/driverlib.lib(gpio.obj)
                0x000000000000d66a                GPIOIntRegister

.text:GPIOIntEnable
                0x000000000000d682        0xc
 .text:GPIOIntEnable
                0x000000000000d682        0xc ../ccs/Debug/driverlib.lib(gpio.obj)
                0x000000000000d682                GPIOIntEnable

.text:GPIOIntDisable
                0x000000000000d68e        0xe
 .text:GPIOIntDisable
                0x000000000000d68e        0xe ../ccs/Debug/driverlib.lib(gpio.obj)
                0x000000000000d68e                GPIOIntDisable

.text:GPIOIntClear
                0x000000000000d69c        0x6
 .text:GPIOIntClear
                0x000000000000d69c        0x6 ../ccs/Debug/driverlib.lib(gpio.obj)
                0x000000000000d69c                GPIOIntClear

.text:GPIODirModeGet
                0x000000000000d6a2       0x26
 .text:GPIODirModeGet
                0x000000000000d6a2       0x26 ../ccs/Debug/driverlib.lib(gpio.obj)
                0x000000000000d6a2                GPIODirModeGet

.text:GPIODMATriggerEnable
                0x000000000000d6c8        0xc
 .text:GPIODMATriggerEnable
                0x000000000000d6c8        0xc ../ccs/Debug/driverlib.lib(gpio.obj)
                0x000000000000d6c8                GPIODMATriggerEnable

.text:GPIODMATriggerDisable
                0x000000000000d6d4        0xe
 .text:GPIODMATriggerDisable
                0x000000000000d6d4        0xe ../ccs/Debug/driverlib.lib(gpio.obj)
                0x000000000000d6d4                GPIODMATriggerDisable

.text:GPIOADCTriggerEnable
                0x000000000000d6e2        0xc
 .text:GPIOADCTriggerEnable
                0x000000000000d6e2        0xc ../ccs/Debug/driverlib.lib(gpio.obj)
                0x000000000000d6e2                GPIOADCTriggerEnable

.text:GPIOADCTriggerDisable
                0x000000000000d6ee        0xe
 .text:GPIOADCTriggerDisable
                0x000000000000d6ee        0xe ../ccs/Debug/driverlib.lib(gpio.obj)
                0x000000000000d6ee                GPIOADCTriggerDisable

.text:I2CTxFIFOFlush
                0x000000000000d6fc        0xe
 .text:I2CTxFIFOFlush
                0x000000000000d6fc        0xe ../ccs/Debug/driverlib.lib(i2c.obj)
                0x000000000000d6fc                I2CTxFIFOFlush

.text:I2CTxFIFOConfigSet
                0x000000000000d70a       0x18
 .text:I2CTxFIFOConfigSet
                0x000000000000d70a       0x18 ../ccs/Debug/driverlib.lib(i2c.obj)
                0x000000000000d70a                I2CTxFIFOConfigSet

.text:I2CSlaveStatus
                0x000000000000d722        0x6
 .text:I2CSlaveStatus
                0x000000000000d722        0x6 ../ccs/Debug/driverlib.lib(i2c.obj)